// Jest Snapshot v1, https://goo.gl/fbAQLP

exports[`Viser varselcontainer med alt innhold 1`] = `
.c4 {
  font-weight: bold;
}

.c6 {
  border: none;
  padding: 0.1rem;
  border-radius: 0.5em;
  cursor: pointer;
  background-color: transparent;
}

.c6:focus {
  outline: none;
  box-shadow: 0 0 0 0.1875rem #FFBD66;
}

.c2 {
  border-radius: 0.25rem;
  background-color: white;
  box-shadow: 0 0 0.5rem rgba(0,0,0,0.1);
}

.c3 {
  display: grid;
  grid-template-columns: 20% 55% 1fr auto;
  -webkit-align-items: center;
  -webkit-box-align: center;
  -ms-flex-align: center;
  align-items: center;
  border-radius: .25rem;
  cursor: pointer;
}

.c3:hover {
  box-shadow: inset 0 0 0 0.1rem #0067c5,0 0.1rem 0.1rem rgba(0,0,0,0.2);
}

.c3 > * {
  padding: 0.7rem;
}

.c5 li {
  display: inline-block;
}

.c5 li:not(:last-child):after {
  content: ',';
  margin-right: 0.5em;
}

.c0 {
  display: grid;
  grid-template-columns: 20% 55% 1fr;
  font-weight: bold;
}

.c0 > * {
  padding: 0.7rem 0.7rem 0.3rem;
}

.c1 > * {
  margin-top: 0.5rem;
}

<article>
  <h2
    className="visually-hidden"
    tabIndex={-1}
  >
    Varsler
  </h2>
  <div
    className="c0"
  >
    <p>
      Dato
    </p>
    <p>
      Type
    </p>
    <p>
      Kanal
    </p>
  </div>
  <ol
    className="c1"
  >
    <li
      className="c2"
    >
      <div
        className="c3"
        onClick={[Function]}
      >
        <p
          className="typo-normal"
        >
          01. jan. 1970
        </p>
        <p
          className="typo-normal"
        >
          <span
            className="c4"
          >
            Påminnelse om å sende meldekort
          </span>
        </p>
        <ul
          className="c5"
        >
          <li
            className="typo-normal"
          >
            EPOST
          </li>
          <li
            className="typo-normal"
          >
            SMS
          </li>
        </ul>
        <button
          aria-expanded={false}
          aria-label="Vis detaljer"
          className="c6"
          onClick={[Function]}
          title="Vis detaljer"
        >
          <i
            className="nav-frontend-chevron chevronboks chevron--ned"
          />
        </button>
      </div>
    </li>
    <li
      className="c2"
    >
      <div
        className="c3"
        onClick={[Function]}
      >
        <p
          className="typo-normal"
        >
          01. jan. 1970
        </p>
        <p
          className="typo-normal"
        >
          <span
            className="c4"
          >
            Påminnelse om å sende meldekort
          </span>
        </p>
        <ul
          className="c5"
        >
          <li
            className="typo-normal"
          >
            EPOST
          </li>
        </ul>
        <button
          aria-expanded={false}
          aria-label="Vis detaljer"
          className="c6"
          onClick={[Function]}
          title="Vis detaljer"
        >
          <i
            className="nav-frontend-chevron chevronboks chevron--ned"
          />
        </button>
      </div>
    </li>
  </ol>
</article>
`;
