// Jest Snapshot v1, https://goo.gl/fbAQLP

exports[`viser send ny melding 1`] = `
.c2 label {
  position: absolute !important;
  height: 1px;
  width: 1px;
  overflow: hidden;
  -webkit-clip: rect(1px 1px 1px 1px);
  clip: rect(1px 1px 1px 1px);
  -webkit-clip: rect(1px,1px,1px,1px);
  clip: rect(1px,1px,1px,1px);
}

.c3 .ekspanderbartPanel__hode {
  padding: 0.6rem;
}

.c5 textarea {
  min-height: 9rem;
}

.c5 label {
  position: absolute !important;
  height: 1px;
  width: 1px;
  overflow: hidden;
  -webkit-clip: rect(1px 1px 1px 1px);
  clip: rect(1px 1px 1px 1px);
  -webkit-clip: rect(1px,1px,1px,1px);
  clip: rect(1px,1px,1px,1px);
}

.c1 label {
  position: absolute !important;
  height: 1px;
  width: 1px;
  overflow: hidden;
  -webkit-clip: rect(1px 1px 1px 1px);
  clip: rect(1px 1px 1px 1px);
  -webkit-clip: rect(1px,1px,1px,1px);
  clip: rect(1px,1px,1px,1px);
}

.c4 {
  margin-top: 1rem;
}

.c4 label {
  position: absolute !important;
  height: 1px;
  width: 1px;
  overflow: hidden;
  -webkit-clip: rect(1px 1px 1px 1px);
  clip: rect(1px 1px 1px 1px);
  -webkit-clip: rect(1px,1px,1px,1px);
  clip: rect(1px,1px,1px,1px);
}

.c0 {
  display: -webkit-box;
  display: -webkit-flex;
  display: -ms-flexbox;
  display: flex;
  margin-top: 1rem;
  -webkit-flex-direction: column;
  -ms-flex-direction: column;
  flex-direction: column;
  -webkit-align-items: stretch;
  -webkit-box-align: stretch;
  -ms-flex-align: stretch;
  align-items: stretch;
}

.c0 .skjemaelement {
  margin-bottom: 0;
}

.c0 > * {
  margin-bottom: 1rem;
}

.c6 {
  display: -webkit-box;
  display: -webkit-flex;
  display: -ms-flexbox;
  display: flex;
  -webkit-flex-wrap: wrap;
  -ms-flex-wrap: wrap;
  flex-wrap: wrap;
}

.c6 > * {
  margin-bottom: 0.7rem;
  margin-right: 0.5rem;
  -webkit-box-flex: 1;
  -webkit-flex-grow: 1;
  -ms-flex-positive: 1;
  flex-grow: 1;
}

<article>
  <h2
    className="typo-undertittel"
  >
    Send ny melding
  </h2>
  <form
    className="c0"
    onSubmit={[Function]}
  >
    <div>
      <div
        className="skjemaelement c1"
      >
        <label
          className="skjemaelement__label"
          htmlFor="Helt tilfeldig ID"
        >
          Velg dialogtype
        </label>
        <div
          className="selectContainer input--fullbredde"
        >
          <select
            className="skjemaelement__input"
            disabled={false}
            id="Helt tilfeldig ID"
            onChange={[Function]}
            value="SAMTALEREFERAT_TELEFON"
          >
            <option
              value="SAMTALEREFERAT_TELEFON"
            >
              Samtalereferat telefon
            </option>
            <option
              value="SAMTALEREFERAT_OPPMOTE"
            >
              Samtalereferat oppmøte
            </option>
            <option
              value="SPORSMAL_MODIA_UTGAAENDE"
            >
              Spørsmål til bruker
            </option>
          </select>
        </div>
        <div
          aria-live="assertive"
          role="alert"
        />
      </div>
    </div>
    <div
      className=""
    >
      <div
        className=""
      >
        <div
          className="skjemaelement c2"
        >
          <label
            className="skjemaelement__label"
            htmlFor="Helt tilfeldig ID"
          >
            Tema
          </label>
          <div
            className="selectContainer input--fullbredde"
          >
            <select
              className="skjemaelement__input"
              disabled={false}
              id="Helt tilfeldig ID"
              onChange={[Function]}
              value=""
            >
              <option
                disabled={true}
                value=""
              >
                Velg temagruppe
              </option>
              <option
                value="ARBD"
              >
                Arbeid
              </option>
              <option
                value="FMLI"
              >
                Familie
              </option>
              <option
                value="HJLPM"
              >
                Hjelpemiddel
              </option>
              <option
                value="PENS"
              >
                Pensjon
              </option>
              <option
                value="OVRG"
              >
                Øvrig
              </option>
            </select>
          </div>
          <div
            aria-live="assertive"
            role="alert"
          />
        </div>
        <div
          aria-live="assertive"
          role="alert"
        />
      </div>
      <div
        className=""
      >
        <div
          className="ekspanderbartPanel c3 ekspanderbartPanel--lukket ekspanderbartPanel--border"
        >
          <button
            aria-expanded={false}
            className="ekspanderbartPanel__hode"
            onClick={[Function]}
            onKeyDown={[Function]}
            type="button"
          >
            <div
              className="ekspanderbartPanel__flex-wrapper"
            >
              <span
                className="typo-normal ekspanderbartPanel__heading"
              >
                Velg sak
              </span>
              <span
                className="ekspanderbartPanel__indikator"
              />
            </div>
          </button>
          <article
            aria-label="Velg sak"
            className="ekspanderbartPanel__innhold"
          >
            <svg
              aria-label="Laster innhold"
              className="spinner spinner--xl"
              focusable="false"
              height={32}
              kind="spinner"
              preserveAspectRatio="xMidYMid"
              viewBox="0 0 50 50"
              width={32}
            >
              <title>
                Venter...
              </title>
              <circle
                cx="25"
                cy="25"
                fill="none"
                r="20"
                stroke="#bdbab7"
                strokeWidth="5"
                xmlns="http://www.w3.org/2000/svg"
              />
              <circle
                cx="25"
                cy="25"
                fill="none"
                r="20"
                stroke="#7f756c"
                strokeDasharray="50 155"
                strokeLinecap="round"
                strokeWidth="5"
              />
            </svg>
          </article>
        </div>
        <div
          aria-live="assertive"
          role="alert"
        />
      </div>
      <div
        className="skjemaelement c4"
      >
        <label
          className="skjemaelement__label"
          htmlFor="Helt tilfeldig ID"
        >
          Oppgaveliste
        </label>
        <div
          className="selectContainer input--fullbredde"
        >
          <select
            className="skjemaelement__input"
            disabled={false}
            id="Helt tilfeldig ID"
            onChange={[Function]}
            value="MinListe"
          >
            <option
              value="MinListe"
            >
              Svar skal til min oppgaveliste
            </option>
            <option
              value="Enhetensliste"
            >
              Svar skal til 
               sin oppgaveliste
            </option>
          </select>
        </div>
        <div
          aria-live="assertive"
          role="alert"
        />
      </div>
    </div>
    <div
      className="c5"
    >
      <div
        className="skjemaelement textarea__container"
      >
        <label
          className="skjemaelement__label"
          htmlFor="Helt tilfeldig ID"
        >
          Melding
        </label>
        <div
          className="textarea--medMeta__wrapper"
        >
          <textarea
            className="skjemaelement__input textarea--medMeta"
            id="Helt tilfeldig ID"
            onChange={[Function]}
            placeholder="Alt du skriver i denne boksen blir synlig for Aremark når du trykker \\"Del med Aremark\\""
            style={
              Object {
                "height": "30px",
              }
            }
            type="text"
            value=""
          />
          <p
            className="textarea--medMeta__teller"
          >
            <span>
              Du har 
              5000
               tegn igjen
            </span>
          </p>
        </div>
        <div
          aria-live="assertive"
          role="alert"
        />
        <div
          aria-hidden="true"
          className="textareamirror"
        />
      </div>
      <div
        aria-live="assertive"
        role="alert"
      />
    </div>
    <div
      className=""
    >
      <div
        className="alertstripe alertstripe--info"
      >
        <span
          aria-label="info"
          className="alertstripe__ikon"
        >
          <svg
            focusable="false"
            height="1.5em"
            kind="info-sirkel-fyll"
            viewBox="0 0 24 24"
            width="1.5em"
          >
            <g
              fill="none"
              fillRule="nonzero"
            >
              <path
                d="M12 0C5.382 0 0 5.382 0 12s5.382 12 12 12c6.617 0 12-5.382 12-12S18.617 0 12 0z"
                fill="#669DB4"
              />
              <g
                fill="#FFF"
              >
                <path
                  d="M12 5a1.566 1.566 0 1 1 .11 3.13A1.566 1.566 0 0 1 12 5zM14.976 17.01c.563 0 1.043.431 1.043.991s-.48.992-1.043.992H9.39c-.564 0-1.043-.431-1.043-.992 0-.56.479-.99 1.043-.99h1.6v-5.016h-.986c-.565 0-1.044-.43-1.044-.991 0-.56.48-.991 1.044-.991h2.03c.563 0 1.043.43 1.043.99v6.007H14.976z"
                />
              </g>
            </g>
          </svg>
        </span>
        <div
          className="typo-normal alertstripe__tekst"
        >
          Bruker kan svare
        </div>
      </div>
    </div>
    <div
      className="c6"
    >
      <button
        className="knapp knapp--hoved"
        disabled={false}
        type="submit"
      >
        Del med 
        Aremark
      </button>
      <button
        className="knapp knapp--flat"
        disabled={false}
        onClick={[Function]}
        type="button"
      >
        Avbryt
      </button>
    </div>
  </form>
</article>
`;
