// Vitest Snapshot v1, https://vitest.dev/guide/snapshot.html

exports[`viser deltbosted 1`] = `
<section>
  <div
    className="sc-eCImvq gyUlA-D"
  >
    <div
      className="sc-jRQAMF eUvSFO"
    >
      <svg
        fill="none"
        height="1em"
        viewBox="0 0 24 24"
        width="1em"
        xmlns="http://www.w3.org/2000/svg"
      >
        <path
          clipRule="evenodd"
          d="M12 0c6.627 0 12 5.373 12 12s-5.373 12-12 12S0 18.627 0 12 5.373 0 12 0zM9 19v-2h2v-5H9v-2h4v7h2v2H9zm3-14a1.5 1.5 0 110 3 1.5 1.5 0 010-3z"
          fill="#0067C5"
          fillRule="evenodd"
        />
      </svg>
    </div>
    <h3
      className="typo-undertittel"
    >
      Delt Bosted
    </h3>
  </div>
  <div
    className="sc-pVTma hLmUDW"
  />
  <div
    className="sc-gKckTs bfBLbu"
  >
    <div
      className="sc-eCImvq gyUlA-D"
    >
      
    </div>
    <div
      className="sc-jrQzUz gTSvrx"
    >
      <p
        className="typo-undertekst"
      >
        Gyldig: 
        01.02.2021 – 01.05.2022
      </p>
    </div>
    <p
      className="typo-normal"
    >
      Adresseveien 1
    </p>
    <p
      className="typo-normal"
    >
      0000 Aremark
    </p>
  </div>
</section>
`;
