// Jest Snapshot v1, https://goo.gl/fbAQLP

exports[`Foreldrepengeperiode matcher snapshot 1`] = `
.c4 {
  display: -webkit-box;
  display: -webkit-flex;
  display: -ms-flexbox;
  display: flex;
  -webkit-flex-wrap: wrap;
  -ms-flex-wrap: wrap;
  flex-wrap: wrap;
}

.c4 dt {
  color: #78706a;
}

.c4 dd {
  font-weight: bold;
  margin-top: 0.3rem;
}

.c4 > div {
  margin: 0.9375rem 0;
  padding-right: 1rem;
  width: 13rem;
  overflow-wrap: break-word;
}

.c6 {
  text-align: center;
}

.c2 {
  text-transform: uppercase;
}

.c1 {
  font-weight: bold;
}

.c0 > *:first-child {
  background-color: #cce1f3;
  padding: 0.2rem 1.25rem;
}

.c0 ol {
  padding: 0;
  margin: 0;
}

.c7 {
  overflow: auto;
  box-shadow: 0 0 0 0.05rem rgba(0,0,0,0.25);
  border-radius: .25rem;
  background-color: white;
}

.c7 table {
  text-align: left;
  width: 100%;
}

.c7 table thead {
  border-bottom: 0.2rem solid rgba(0,0,0,0.15);
  font-weight: bold;
}

.c7 table th,
.c7 table td {
  padding: 0.7rem;
  vertical-align: middle;
}

.c7 table th {
  padding-bottom: 0.7rem;
}

.c7 table tr:nth-child(even) {
  background-color: rgba(0,0,0,0.1);
}

.c5 {
  white-space: nowrap;
}

.c5 > *:not(:last-child) {
  margin-bottom: 1rem;
}

.c8 {
  padding: 0.5rem;
}

.c3 {
  padding: .8rem;
}

.c3 > *:first-child {
  border-radius: 0.5rem;
  background-color: #e9e7e7;
  box-shadow: inset 0 0 0 0.3rem white,inset 0 0 0 0.35rem rgba(0,0,0,0.1);
  padding: 1.25rem;
}

.c3 > *:not(:last-child) {
  margin-bottom: 2rem;
}

<li
  className="c0"
>
  <h3
    className="typo-normal"
  >
    <span
      className="c1"
    >
      <span
        className="c2"
      >
        Periode 1 - 29.04.2017
      </span>
    </span>
  </h3>
  <article
    className="c3"
  >
    <dl
      className="c4"
    >
      <div>
        <dt
          className="typo-etikett-liten"
        >
          Arbeidsprosent mor
        </dt>
        <dd
          className="typo-normal"
        >
          58%
        </dd>
      </div>
      <div>
        <dt
          className="typo-etikett-liten"
        >
          Mors situasjon
        </dt>
        <dd
          className="typo-normal"
        >
          nobis sit quo et quis
        </dd>
      </div>
      <div>
        <dt
          className="typo-etikett-liten"
        >
          Disponibel gradering
        </dt>
        <dd
          className="typo-normal"
        >
          9%
        </dd>
      </div>
      <div>
        <dt
          className="typo-etikett-liten"
        >
          Forskyvelsesperiode
        </dt>
        <dd
          className="typo-normal"
        >
          08.10.2014 - 22.08.2014
        </dd>
      </div>
      <div>
        <dt
          className="typo-etikett-liten"
        >
          Andre forskyvelsesperiode
        </dt>
        <dd
          className="typo-normal"
        >
          09.12.2014 - 26.08.2014
        </dd>
      </div>
      <div>
        <dt
          className="typo-etikett-liten"
        >
          Midlertidig stans
        </dt>
        <dd
          className="typo-normal"
        >
          2019-02-10
        </dd>
      </div>
      <div>
        <dt
          className="typo-etikett-liten"
        >
          Stansårsak
        </dt>
        <dd
          className="typo-normal"
        >
          Avsluttet
        </dd>
      </div>
      <div>
        <dt
          className="typo-etikett-liten"
        >
          Avslått
        </dt>
        <dd
          className="typo-normal"
        >
          Avslått
        </dd>
      </div>
      <div>
        <dt
          className="typo-etikett-liten"
        >
          Mødrekvote
        </dt>
        <dd
          className="typo-normal"
        >
          —
        </dd>
      </div>
      <div>
        <dt
          className="typo-etikett-liten"
        >
          Rett til Mødrekvote
        </dt>
        <dd
          className="typo-normal"
        >
          Ingen rett til mødrekvote
        </dd>
      </div>
      <div>
        <dt
          className="typo-etikett-liten"
        >
          Aleneomsorg Mor
        </dt>
        <dd
          className="typo-normal"
        >
          —
        </dd>
      </div>
      <div>
        <dt
          className="typo-etikett-liten"
        >
          Fedrekvote
        </dt>
        <dd
          className="typo-normal"
        >
          —
        </dd>
      </div>
      <div>
        <dt
          className="typo-etikett-liten"
        >
          Rett til Fedrekvote
        </dt>
        <dd
          className="typo-normal"
        >
          Rett til fedrekvote
        </dd>
      </div>
      <div>
        <dt
          className="typo-etikett-liten"
        >
          Aleneomsorg Far
        </dt>
        <dd
          className="typo-normal"
        >
          —
        </dd>
      </div>
    </dl>
    <section
      className="c5"
    >
      <div
        className="c6"
      >
        <h4
          className="typo-undertittel"
        >
          Kommende utbetalinger
        </h4>
      </div>
      <div
        className="typo-normal c7"
      >
        <table
          role="table"
        >
          <thead
            role="rowgroup"
          >
            <tr
              role="row"
            >
              <th
                role="columnheader"
              >
                Registeringsdato
              </th>
              <th
                role="columnheader"
              >
                Type
              </th>
              <th
                role="columnheader"
              >
                Periode
              </th>
              <th
                role="columnheader"
              >
                Utbetalingsgrad
              </th>
              <th
                role="columnheader"
              >
                Dagsats
              </th>
              <th
                role="columnheader"
              >
                Bruttobeløp
              </th>
              <th
                role="columnheader"
              >
                Arbeidsgiver
              </th>
              <th
                role="columnheader"
              >
                Orgnummer
              </th>
              <th
                role="columnheader"
              >
                Saksbehandler
              </th>
            </tr>
          </thead>
          <tbody
            role="rowgroup"
          >
            <tr
              role="row"
            >
              <td
                role="cell"
              >
                25.06.2018
              </td>
              <td
                role="cell"
              >
                KONTOØVERFØRING
              </td>
              <td
                role="cell"
              >
                14.01.2018 - 15.07.2017
              </td>
              <td
                role="cell"
              >
                79%
              </td>
              <td
                role="cell"
              >
                705.00 NOK
              </td>
              <td
                role="cell"
              >
                466.00 NOK
              </td>
              <td
                role="cell"
              >
                Vedvik - Lunde
              </td>
              <td
                role="cell"
              >
                1234567890
              </td>
              <td
                role="cell"
              >
                Mari Johannessen
              </td>
            </tr>
          </tbody>
        </table>
      </div>
    </section>
    <section>
      <div
        className="c8"
      >
        <div
          className="c6"
        >
          <h4
            className="typo-undertittel"
          >
            Utførte utbetalinger
          </h4>
        </div>
      </div>
    </section>
  </article>
</li>
`;
