// Jest Snapshot v1, https://goo.gl/fbAQLP

exports[`UtbetalingerPVent matcher snapshot 1`] = `
.c1 {
  text-align: center;
}

.c2 {
  overflow: auto;
  box-shadow: 0 0 0 0.1rem rgba(0,0,0,0.25);
  border-radius: .25rem;
  background-color: white;
}

.c2 table {
  text-align: left;
  width: 100%;
}

.c2 table thead {
  border-bottom: 0.2rem solid rgba(0,0,0,0.15);
  font-weight: bold;
}

.c2 table th,
.c2 table td {
  padding: 0.7rem;
  vertical-align: middle;
}

.c2 table th {
  padding-bottom: 0.7rem;
}

.c2 table tr:nth-child(even) {
  background-color: rgba(0,0,0,0.1);
}

.c0 {
  white-space: nowrap;
}

.c0 > *:not(:last-child) {
  margin-bottom: 1rem;
}

<section
  className="c0"
>
  <div
    className="c1"
  >
    <h4
      className="typo-undertittel"
    >
      Utbetalinger på vent
    </h4>
  </div>
  <div
    className="typo-normal c2"
  >
    <table
      role="table"
    >
      <thead
        role="rowgroup"
      >
        <tr
          role="row"
        >
          <th
            role="columnheader"
          >
            Årsak
          </th>
          <th
            role="columnheader"
          >
            Utbetalingsperiode
          </th>
          <th
            role="columnheader"
          >
            Utbetalingsgrad
          </th>
        </tr>
      </thead>
      <tbody
        role="rowgroup"
      >
        <tr
          role="row"
        >
          <td
            role="cell"
          >
            Pga mistenkelig oppførsel
          </td>
          <td
            role="cell"
          >
            13.10.2017 - 10.10.2018
          </td>
          <td
            role="cell"
          >
            62%
          </td>
        </tr>
      </tbody>
    </table>
  </div>
</section>
`;
