// Jest Snapshot v1, https://goo.gl/fbAQLP

exports[`UtbetalingerPåVentListe matcher snapshot 1`] = `
.c1 {
  text-align: center;
}

.c3 {
  display: -webkit-box;
  display: -webkit-flex;
  display: -ms-flexbox;
  display: flex;
  -webkit-flex-wrap: wrap;
  -ms-flex-wrap: wrap;
  flex-wrap: wrap;
}

.c3 dt {
  color: #78706a;
}

.c3 dd {
  font-weight: bold;
  margin-top: 0.3rem;
}

.c3 > div {
  margin: 0.9375rem 0;
  padding-right: 1rem;
  min-width: 13rem;
}

.c2 {
  border-radius: 0.5rem;
  background-color: #e9e7e7;
  box-shadow: inset 0 0 0 0.3rem white;
  padding: 1.25rem;
}

.c0 {
  padding: 0.5rem;
}

<section>
  <div
    className="c0"
  >
    <div
      className="c1"
    >
      <h4
        className="typo-undertittel"
      >
        Utbetalinger på vent
      </h4>
    </div>
  </div>
  <ol>
    <li
      aria-label="Utbetaling på vventundefined"
      className="c2"
    >
      <dl
        className="c3"
      >
        <div>
          <dt
            className="typo-etikett-liten"
          >
            Årsak
          </dt>
          <dd
            className="typo-normal"
          >
            Pga mistenkelig oppførsel
          </dd>
        </div>
        <div>
          <dt
            className="typo-etikett-liten"
          >
            Utbetalingsperiode
          </dt>
          <dd
            className="typo-normal"
          >
            13.10.2017 - 10.10.2018
          </dd>
        </div>
        <div>
          <dt
            className="typo-etikett-liten"
          >
            Utbetalingsgrad
          </dt>
          <dd
            className="typo-normal"
          >
            62%
          </dd>
        </div>
      </dl>
    </li>
  </ol>
</section>
`;
