// Jest Snapshot v1, https://goo.gl/fbAQLP

exports[`Viser meldingercontainer med alt innhold 1`] = `
.c1 {
  border-radius: 0.25rem;
  background-color: white;
  box-shadow: 0 0 0.5rem rgba(0,0,0,0.1);
  display: -webkit-box;
  display: -webkit-flex;
  display: -ms-flexbox;
  display: flex;
}

.c2 {
  -webkit-box-flex: 1;
  -webkit-flex-grow: 1;
  -ms-flex-positive: 1;
  flex-grow: 1;
}

.c2 .move-input-label {
  display: -webkit-box;
  display: -webkit-flex;
  display: -ms-flexbox;
  display: flex;
}

.c2 .move-input-label > * {
  margin-left: 0.625rem;
  margin-top: 0.625rem;
}

.c0 > *:last-child {
  margin-top: .8rem;
}

.c3 > * {
  margin-bottom: .8rem;
}

@media (min-width:80rem) {
  .c3 {
    display: -webkit-box;
    display: -webkit-flex;
    display: -ms-flexbox;
    display: flex;
    -webkit-align-items: flex-start;
    -webkit-box-align: flex-start;
    -ms-flex-align: flex-start;
    align-items: flex-start;
  }

  .c3 > *:last-child {
    margin-left: .8rem;
  }
}

<div
  className="c0"
>
  <div
    className="c1"
  >
    <div
      className="c2"
    >
      <div
        className="skjemaelement move-input-label"
      >
        <label
          className="skjemaelement__label"
          htmlFor="Helt tilfeldig ID"
        >
          Søk
        </label>
        <input
          className="skjemaelement__input input--l"
          id="Helt tilfeldig ID"
          type="text"
        />
        <div
          aria-live="assertive"
          role="alert"
        />
      </div>
    </div>
  </div>
  <article
    className="c3"
  >
    <div
      className="alertstripe alertstripe--info"
    >
      <span
        aria-label="info"
        className="alertstripe__ikon"
      >
        <svg
          focusable="false"
          height="1.5em"
          kind="info-sirkel-fyll"
          viewBox="0 0 24 24"
          width="1.5em"
        >
          <g
            fill="none"
            fillRule="nonzero"
          >
            <path
              d="M12 0C5.382 0 0 5.382 0 12s5.382 12 12 12c6.617 0 12-5.382 12-12S18.617 0 12 0z"
              fill="#669DB4"
            />
            <g
              fill="#FFF"
            >
              <path
                d="M12 5a1.566 1.566 0 1 1 .11 3.13A1.566 1.566 0 0 1 12 5zM14.976 17.01c.563 0 1.043.431 1.043.991s-.48.992-1.043.992H9.39c-.564 0-1.043-.431-1.043-.992 0-.56.479-.99 1.043-.99h1.6v-5.016h-.986c-.565 0-1.044-.43-1.044-.991 0-.56.48-.991 1.044-.991h2.03c.563 0 1.043.43 1.043.99v6.007H14.976z"
              />
            </g>
          </g>
        </svg>
      </span>
      <div
        className="typo-normal alertstripe__tekst"
      >
        Ingen tråd er valgt
      </div>
    </div>
  </article>
</div>
`;
