// Jest Snapshot v1, https://goo.gl/fbAQLP

exports[`Viser meldingercontainer med alt innhold 1`] = `
.c1 {
  overflow: auto;
  max-height: 100%;
  padding: .5rem;
}

.c11 {
  position: relative;
}

.c11 svg {
  height: 1.5625rem;
  width: 1.5625rem;
  opacity: 0.5;
  -webkit-clip-path: polygon(0 0,73% 0,73% 51%,100% 52%,100% 100%,0 100%);
  clip-path: polygon(0 0,73% 0,73% 51%,100% 52%,100% 100%,0 100%);
}

.c12 {
  position: absolute;
  top: -0.1875rem;
  right: -0.25rem;
  border-radius: 50%;
  padding: 0 0.1rem;
}

.c13 {
  -webkit-box-flex: 1;
  -webkit-flex-grow: 1;
  -ms-flex-positive: 1;
  flex-grow: 1;
  width: 0;
  margin-left: 0.8rem;
  overflow-wrap: break-word;
}

.c16 {
  display: -webkit-box;
  display: -webkit-flex;
  display: -ms-flexbox;
  display: flex;
  -webkit-flex-wrap: wrap;
  -ms-flex-wrap: wrap;
  flex-wrap: wrap;
  -webkit-align-items: flex-start;
  -webkit-box-align: flex-start;
  -ms-flex-align: flex-start;
  align-items: flex-start;
  margin-top: 0.2rem;
}

.c16 > *:not(:last-child) {
  margin-bottom: 0.2rem;
  margin-right: 0.2rem;
}

.c14 {
  display: -webkit-box;
  display: -webkit-flex;
  display: -ms-flexbox;
  display: flex;
  -webkit-flex-direction: column;
  -ms-flex-direction: column;
  flex-direction: column;
}

.c14 .order-first {
  -webkit-order: 0;
  -ms-flex-order: 0;
  order: 0;
}

.c14 .order-second {
  -webkit-order: 1;
  -ms-flex-order: 1;
  order: 1;
}

.c10 {
  display: -webkit-box;
  display: -webkit-flex;
  display: -ms-flexbox;
  display: flex;
}

.c10 > *:last-child {
  -webkit-box-flex: 1;
  -webkit-flex-grow: 1;
  -ms-flex-positive: 1;
  flex-grow: 1;
}

.c15 {
  text-overflow: ellipsis;
  overflow: hidden;
  white-space: nowrap;
}

.c8 {
  padding: .5rem;
  display: -webkit-box;
  display: -webkit-flex;
  display: -ms-flexbox;
  display: flex;
  cursor: pointer;
}

.c9 {
  -webkit-box-flex: 1;
  -webkit-flex-grow: 1;
  -ms-flex-positive: 1;
  flex-grow: 1;
}

.c7:focus-within {
  position: relative;
  outline: none;
  box-shadow: none;
}

.c7:focus-within::after {
  position: absolute;
  top: 0;
  left: 0;
  content: '';
  box-shadow: inset 0 0 0 0.1875rem #254b6d;
  height: 100%;
  width: 100%;
  pointer-events: none;
}

.c7 .hover-animation {
  -webkit-transition: -webkit-transform 0.3s;
  -webkit-transition: transform 0.3s;
  transition: transform 0.3s;
}

.c7:hover {
  box-shadow: inset 0 0 0 0.1rem #0067c5,0 0.1rem 0.1rem rgba(0,0,0,0.2);
}

.c7:hover .hover-animation {
  -webkit-transform: translateX(0.5rem);
  -ms-transform: translateX(0.5rem);
  transform: translateX(0.5rem);
}

.c17 {
  -webkit-align-self: center;
  -ms-flex-item-align: center;
  align-self: center;
}

.c17 .nav-frontend-chevron {
  width: 1.5625rem;
}

.c2 {
  border-radius: 0.25rem;
  background-color: white;
  box-shadow: 0 0 0.5rem rgba(0,0,0,0.1),0 0 0 1px rgba(0,0,0,0.1);
}

.c2 ol {
  list-style: none;
}

.c5 {
  padding: 0 .5rem .5rem;
  display: -webkit-box;
  display: -webkit-flex;
  display: -ms-flexbox;
  display: flex;
  -webkit-flex-direction: row;
  -ms-flex-direction: row;
  flex-direction: row;
  -webkit-box-pack: justify;
  -webkit-justify-content: space-between;
  -ms-flex-pack: justify;
  justify-content: space-between;
}

.c6 > * {
  border-top: solid 0.0625rem #78706a;
}

.c3 {
  padding: .5rem .5rem 0;
}

.c3 .skjemaelement {
  margin-bottom: 0.2rem;
}

.c3 .skjemaelement__label {
  position: absolute !important;
  height: 1px;
  width: 1px;
  overflow: hidden;
  -webkit-clip: rect(1px 1px 1px 1px);
  clip: rect(1px 1px 1px 1px);
  -webkit-clip: rect(1px,1px,1px,1px);
  clip: rect(1px,1px,1px,1px);
}

.c4 {
  padding: .5rem;
  margin-bottom: 0 !important;
}

.c0 {
  position: relative;
}

@media (min-width:53.125rem) {
  .c0 {
    max-height: 100%;
    max-width: 100%;
  }
}

@media (min-width:53.125rem) {
  .c0 {
    height: 0;
    -webkit-box-flex: 1;
    -webkit-flex-grow: 1;
    -ms-flex-positive: 1;
    flex-grow: 1;
    display: -webkit-box;
    display: -webkit-flex;
    display: -ms-flexbox;
    display: flex;
  }

  .c0 > *:first-child {
    -webkit-flex: 35% 1 1;
    -ms-flex: 35% 1 1;
    flex: 35% 1 1;
  }

  .c0 > *:last-child {
    -webkit-flex: 65% 1 1;
    -ms-flex: 65% 1 1;
    flex: 65% 1 1;
  }
}

<article
  className="c0"
>
  <div
    className="c1"
    onScroll={[Function]}
  >
    <nav
      className="c2"
    >
      <h3
        className="sr-only"
      >
        Søk i brukerens meldinger
      </h3>
      <div
        className="c3"
      >
        <div
          className="skjemaelement move-input-label"
        >
          <label
            className="skjemaelement__label"
            htmlFor="Helt tilfeldig ID"
          >
            Søk etter melding
          </label>
          <input
            className="skjemaelement__input input--fullbredde"
            id="Helt tilfeldig ID"
            onChange={[Function]}
            placeholder="Søk etter melding"
            type="text"
            value=""
          />
          <div
            aria-live="assertive"
            role="alert"
          />
        </div>
      </div>
      <div
        className="skjemaelement skjemaelement--horisontal c4"
      >
        <input
          checked={false}
          className="skjemaelement__input checkboks"
          id="Helt tilfeldig ID"
          onChange={[Function]}
          type="checkbox"
        />
        <label
          className="skjemaelement__label"
          htmlFor="Helt tilfeldig ID"
        >
          Skjul varsler
        </label>
        <div
          aria-live="assertive"
          role="alert"
        />
      </div>
      <div
        className="c5"
      >
        <p
          aria-live="assertive"
          className="typo-normal"
        >
          Totalt 1 melding
        </p>
      </div>
      <h3
        className="sr-only"
      >
        Meldingsliste - 
        Totalt 1 melding
      </h3>
      <ol
        className="c6"
        role="tablist"
      >
        <li
          className="c7"
          role="presentation"
        >
          <input
            checked={false}
            className="sr-only test-meldinger-melding"
            id="Helt tilfeldig ID"
            name="traadliste-meldinger"
            onChange={[Function]}
            role="tab"
            type="radio"
            value="sg838exr"
          />
          <label
            className="c8"
            htmlFor="Helt tilfeldig ID"
          >
            <div
              className="c9"
            >
              <div
                className="c10"
              >
                <span
                  className="c11"
                >
                  <svg
                    viewBox="0 0 24 24"
                    xmlns="http://www.w3.org/2000/svg"
                  >
                    <g
                      fill="#3e3832"
                    >
                      <path
                        d="M16.5 8.75c.476 0 .941.045 1.399.115.065-.379.101-.771.101-1.18C18 3.585 13.962.25 9 .25c-4.963 0-9 3.335-9 7.435 0 1.962.855 3.826 2.36 5.178l-1.794 3.14a.5.5 0 00.62.712l4.839-1.937c.435.124.887.218 1.348.281.022.002.065-.005.075.004.075 0 .319-.002.678-.022.679-3.514 4.233-6.291 8.374-6.291z"
                      />
                      <path
                        d="M16.5 9.75c-4.065 0-7.5 2.977-7.5 6.5 0 3.355 2.878 6.224 6.434 6.572a7.581 7.581 0 003.578-.534l3.813 1.43a.498.498 0 00.623-.691l-1.325-2.65C23.327 19.289 24 17.868 24 16.25c0-3.523-3.435-6.5-7.5-6.5z"
                      />
                    </g>
                  </svg>
                  <p
                    className="typo-undertekst-bold c12"
                  >
                    4
                     
                    <span
                      className="sr-only"
                    >
                      meldinger
                    </span>
                  </p>
                </span>
                <div
                  className="c13"
                >
                  <div
                    className="c14"
                  >
                    <p
                      className="typo-element order-second"
                    >
                      Delsvar - Arbeid
                    </p>
                    <p
                      className="typo-normal order-first"
                    >
                      13.08.2019 00:00
                    </p>
                  </div>
                  <p
                    className="typo-normal c15"
                  >
                    Dolores omnis ea voluptatem corrupti odit incidunt enim. Unde fugiat sed animi explicabo maiores. Nihil cum accusamus omnis officiis deserunt est. Qui quisquam unde aut magni dignissimos.
                  </p>
                  <div
                    className="c16"
                  >
                    <div
                      className="etikett etikett--fokus"
                    >
                      <span
                        className="typo-normal"
                      >
                        Under arbeid
                      </span>
                    </div>
                    <div
                      className="etikett etikett--info"
                    >
                      <span
                        className="typo-normal"
                      >
                        Delvis besvart
                      </span>
                    </div>
                  </div>
                </div>
              </div>
            </div>
            <div
              className="hover-animation c17"
            >
              <i
                className="nav-frontend-chevron chevronboks chevron--hoyre"
              />
            </div>
          </label>
        </li>
      </ol>
    </nav>
  </div>
  <div
    className="c1"
    onScroll={[Function]}
  >
    <div
      className="alertstripe alertstripe--info"
    >
      <span
        aria-label="info"
        className="alertstripe__ikon"
      >
        <svg
          focusable="false"
          height="1.5em"
          kind="info-sirkel-fyll"
          viewBox="0 0 24 24"
          width="1.5em"
        >
          <g
            fill="none"
          >
            <path
              d="M12 0C5.382 0 0 5.382 0 12s5.382 12 12 12c6.617 0 12-5.382 12-12S18.617 0 12 0z"
              fill="#669DB4"
            />
            <path
              d="M12 5a1.566 1.566 0 1 1 .11 3.13A1.566 1.566 0 0 1 12 5zm2.976 12.01c.563 0 1.043.431 1.043.991s-.48.992-1.043.992H9.39c-.564 0-1.043-.431-1.043-.992 0-.56.479-.99 1.043-.99h1.6v-5.016h-.986c-.565 0-1.044-.43-1.044-.991 0-.56.48-.991 1.044-.991h2.03c.563 0 1.043.43 1.043.99v6.007h1.899z"
              fill="#FFF"
            />
          </g>
        </svg>
      </span>
      <div
        className="typo-normal alertstripe__tekst"
      >
        Ingen melding valgt
      </div>
    </div>
  </div>
</article>
`;
