// Jest Snapshot v1, https://goo.gl/fbAQLP

exports[`viser info om bruker i visittkort-header 1`] = `
<div
  className="sc-ifAKCX hMtwKY"
>
  <div
    className="sc-EHOje hyALOH"
  >
    <div
      className="sc-gzVnrw ctgjcR"
    >
      <img
        alt="Mann"
        src="mann.svg"
        title="Mann"
      />
    </div>
    <div
      className="sc-htoDjs jiCiGn"
    >
      <h2
        className="typo-undertittel"
      >
        AREMARK TESTFAMILIEN
         (
        42
        )
      </h2>
      <span
        className="typo-undertekst"
      >
        <span
          title="Fødselsnummer"
        >
          10108000398
           
        </span>
        <span
          className="sc-htpNat coTjJA"
        />
        <ul
          className="sc-bwzfXH cwYuaP"
        >
          <li
            title="Statsborgerskap"
          >
            Norsk
          </li>
          <li
            title="Sivilstand"
          >
            Gift
          </li>
          <li
            title="Barn under 21 år"
          >
            Ingen barn under 21 år
          </li>
        </ul>
      </span>
    </div>
  </div>
  <div
    className="sc-bZQynM iwaBxj"
  >
    <div
      className="sc-bxivhb ezGmfP"
    />
    <span
      className="typo-undertekst"
    >
      <dl
        className="sc-bdVaJa YjxoX"
      >
        <dt>
          Nav-enhet
        </dt>
        <dd>
          0118
           
          Nav Aremark
        </dd>
      </dl>
    </span>
  </div>
</div>
`;
