// Vitest Snapshot v1, https://vitest.dev/guide/snapshot.html

exports[`Viser utbetalingercontainer med alt innhold 1`] = `
.c19 {
  border: none;
  background-color: transparent;
  padding: 0.1rem 0.2rem;
  border-radius: .35rem;
  cursor: pointer;
  display: flex;
  color: #0067c5;
}

.c19 svg {
  margin-left: 0.5rem;
  height: 1.2rem;
  width: 1.2rem;
}

.c19:focus {
  outline: none;
  box-shadow: 0 0 0 0.1875rem #254b6d;
}

.c19:hover {
  opacity: 0.8;
  text-decoration: underline;
}

.c36 {
  display: flex;
  justify-content: space-between;
  align-items: flex-start;
}

.c18 {
  display: flex;
  justify-content: flex-end;
}

.c33 {
  text-transform: uppercase;
}

.c37 {
  font-weight: 600;
}

.c22 {
  position: relative;
  border: none;
  padding: 0;
  border-radius: .35rem;
  cursor: pointer;
  background-color: transparent;
  display: flex;
  align-items: center;
  color: #0067c5;
}

.c22:after {
  border-bottom: 1px #b7b1a9 solid;
  position: absolute;
  bottom: 0;
  left: 0;
  width: 100%;
}

.c22:focus {
  outline: none;
  box-shadow: 0 0 0 0.1875rem #254b6d;
}

.c22:hover {
  opacity: 0.8;
}

.c22:hover:after {
  content: '';
  border-color: #0067c5;
}

.c23 {
  margin-right: 0.5rem;
}

.c24 {
  transition: 0.5s;
  padding: 0 1.25rem 1.25rem;
}

.c25 {
  transition: 0.5s;
  padding: 0 1.25rem;
}

.c20 {
  margin-right: 1.25rem;
}

.c26 h2 {
  margin: 0;
  padding: 1.25rem 0;
}

.c26 th:not(:first-child) {
  font-weight: normal;
}

.c26 th {
  text-transform: uppercase;
  font-weight: 600;
}

.c26 tr {
  display: flex;
  flex-flow: row wrap;
  position: relative;
}

.c26 tr >*:first-child {
  flex-grow: 1;
  display: block;
}

.c26 tr .sumBrutto,
.c26 tr .sumNetto,
.c26 tr .sumTrekk {
  position: absolute;
}

.c26 tr .sumBrutto {
  right: 12rem;
}

.c26 tr .sumTrekk {
  right: 6rem;
}

.c26 tr .sumNetto {
  right: 0;
}

.c26 tr td.sumNetto {
  font-weight: 600;
}

.c26 tr .periodeForYtelse,
.c26 tr .ytelseDetaljer {
  flex-basis: 100%;
}

.c26 tr .periodeForYtelse {
  display: block;
  text-align: left;
}

.c26 tr .ytelseDetaljer {
  display: block;
  flex-grow: 1;
  text-align: right;
  margin-right: 12rem;
}

.c26 tr .ytelseDetaljer dl {
  display: flex;
  flex-flow: row wrap;
}

.c26 tr .ytelseDetaljer dl dt {
  flex-basis: 50%;
  flex-grow: 1;
}

.c26 tr .ytelseDetaljer dl dd {
  padding-left: 1rem;
  flex-basis: 7rem;
}

.c26 tbody tr {
  margin-top: 0.5rem;
}

.c26 tbody tr >*:nth-last-child(n + 3) {
  padding-top: 0.5rem;
  border-top: solid 0.0625rem #b7b1a9;
}

.c15 table {
  width: 100%;
  text-align: right;
  border-spacing: 0;
}

.c15 table * {
  padding: 0;
  margin: 0;
}

.c15 table tr >* {
  padding: 0.1rem;
  text-align: right;
}

.c15 table tr >*:first-child {
  text-align: left;
}

.c15 table tr >*:not(:first-child) {
  width: 6rem;
}

.c14 {
  cursor: pointer;
}

.c16 {
  padding: 0.9375rem 0.9375rem 0;
}

.c17 {
  margin: 1rem 0;
}

.c17 th {
  font-weight: normal;
}

.c17 th {
  text-transform: uppercase;
}

.c17 td {
  font-weight: 600;
}

.c38 th:not(:first-child) {
  font-weight: normal;
  font-style: italic;
}

.c39 td:not(:first-child) {
  font-weight: 600;
}

.c40 {
  border-top: solid 0.0625rem #b7b1a9;
  margin: 0.5rem 0;
}

.c34 {
  cursor: pointer;
  transition: 0.3s;
}

.c34:focus {
  position: relative;
  outline: none;
  box-shadow: none;
}

.c34:focus::after {
  position: absolute;
  top: 0;
  left: 0;
  content: '';
  box-shadow: inset 0 0 0 0.1875rem #254b6d;
  height: 100%;
  width: 100%;
  pointer-events: none;
}

.c35 {
  display: flex;
  flex-direction: column;
  padding: 0.625rem 0.9375rem 0;
  transition: 0.3s;
  cursor: pointer;
}

.c35 >*:nth-child(3) {
  margin-bottom: 0.8rem;
}

.c35 .order-first {
  order: -1;
}

.c32 {
  background-color: #cce1f3;
  padding: 0.2rem 0.9375rem;
}

.c31 ol {
  padding: 0;
  margin: 0;
}

.c31 ol>*:not(:first-child) {
  border-top: solid 0.0625rem #78706a;
}

.c27:focus {
  outline: none;
}

.c28 {
  padding: 0rem;
  margin-top: .5rem;
  margin-bottom: .5rem;
}

.c28 >*:first-child {
  padding: 0.9375rem;
}

.c30 {
  padding: 0;
  margin: 0;
}

.c13 ol {
  list-style: none;
}

.c29 {
  display: inline-flex;
  align-items: center;
}

.c29 >*:last-child {
  margin-left: 1rem;
}

.c8 {
  display: flex;
  flex-direction: column;
  margin-top: 1.5rem;
}

.c8 >*:first-child {
  margin-bottom: 0.5rem;
}

.c8 >* {
  margin-top: 0.5rem;
}

.c8 .skjemaelement--horisontal {
  margin-bottom: 0.4rem;
}

.c10 {
  margin-bottom: 0.5rem;
}

.c9 {
  border: none;
  margin: 0;
  padding: 0;
}

.c9 >*:first-child {
  margin-bottom: 0.8rem;
}

.c9 >*:last-child {
  margin-bottom: 0;
}

.c5 {
  padding: 0.9375rem;
}

.c7 {
  display: flex;
  flex-direction: column;
  margin-top: 1.5rem;
}

.c7 >*:first-child {
  margin-bottom: 0.5rem;
}

.c7 >* {
  margin-top: 0.5rem;
}

.c7 .skjemaelement--horisontal {
  margin-bottom: 0.4rem;
}

.c11 {
  margin-top: 0.5rem;
}

.c2 {
  padding: 0rem;
  font-weight: 600;
}

.c2 a {
  padding: 0.9375rem;
}

.c2 a:visited {
  color: currentColor!important;
}

.c2 .lenkepanel {
  margin-bottom: 0;
}

.c3 {
  margin-bottom: .5rem;
}

.c1 {
  overflow: auto;
  max-height: 100%;
  padding: .5rem;
}

.c0 {
  overflow: hidden;
  position: relative;
}

.c4 {
  height: fit-content;
  width: 100%;
}

.c12 {
  position: relative;
  min-width: 35rem;
}

@media print {
  .c19 {
    display: none;
  }
}

@media print {
  .c21 {
    display: none;
  }
}

@media print {
  .c26 table {
    page-break-inside: auto;
  }

  .c26 tbody {
    page-break-inside: auto;
  }
}

@media print {
  .c34 {
    list-style-type: none;
  }
}

@media (max-width: 1327px) {
  .c6 {
    display: flex;
    flex-wrap: wrap;
  }

  .c6 >* {
    flex-grow: 1;
    flex-basis: 30%;
  }

  .c6 >*:not(:last-child) {
    margin-right: 1rem;
  }
}

@media (min-width: 1328px) {
  .c0 {
    max-height: 100%;
    max-width: 100%;
  }
}

@media (min-width: 1328px) {
  .c0 {
    display: flex;
    align-items: flex-start;
  }

  .c0 >*:last-child {
    flex-grow: 1;
  }
}

@media (min-width: 1328px) {
  .c4 {
    width: 22.5rem;
  }
}

<div
  className="c0"
>
  <div
    className="c1"
    onScroll={[Function]}
  >
    <div
      className="panel c2 c3"
    >
      <a
        className="lenkepanel"
        href="http://arena.adeo.no/forms/arenaMod.html?oppstart_skj=UB_22_MELDEHISTORIKK&fodselsnr=10108000398"
        rel="noopener noreferrer"
        target="_blank"
      >
        Meldekort i Arena
        <span
          className="lenkepanel__indikator"
        />
      </a>
    </div>
    <section
      className="c4"
    >
      <nav>
        <div
          aria-label="Filtrering utbetalinger"
          className="panel c5"
          onClick={[Function]}
        >
          <h2
            className="typo-undertittel"
          >
            Filtrering
          </h2>
          <div
            className="c6"
          >
            <form
              className="c7"
            >
              <form
                className="c8"
              >
                <fieldset
                  className="c9"
                >
                  <legend
                    className="typo-element"
                  >
                    Velg periode
                  </legend>
                  <div
                    className="c10"
                  >
                    <div
                      className="skjemaelement"
                    >
                      <input
                        aria-invalid={false}
                        checked={true}
                        className="skjemaelement__input radioknapp"
                        id="Helt tilfeldig ID"
                        name="FiltreringsvalgGruppe"
                        onChange={[Function]}
                        type="radio"
                      />
                      <label
                        className="skjemaelement__label"
                        htmlFor="Helt tilfeldig ID"
                      >
                        Siste 30 dager
                      </label>
                    </div>
                  </div>
                  <div
                    className="c10"
                  >
                    <div
                      className="skjemaelement"
                    >
                      <input
                        aria-invalid={false}
                        checked={false}
                        className="skjemaelement__input radioknapp"
                        id="Helt tilfeldig ID"
                        name="FiltreringsvalgGruppe"
                        onChange={[Function]}
                        type="radio"
                      />
                      <label
                        className="skjemaelement__label"
                        htmlFor="Helt tilfeldig ID"
                      >
                        Inneværende år
                      </label>
                    </div>
                  </div>
                  <div
                    className="c10"
                  >
                    <div
                      className="skjemaelement"
                    >
                      <input
                        aria-invalid={false}
                        checked={false}
                        className="skjemaelement__input radioknapp"
                        id="Helt tilfeldig ID"
                        name="FiltreringsvalgGruppe"
                        onChange={[Function]}
                        type="radio"
                      />
                      <label
                        className="skjemaelement__label"
                        htmlFor="Helt tilfeldig ID"
                      >
                        I fjor
                      </label>
                    </div>
                  </div>
                  <div
                    className="c10"
                  >
                    <div
                      className="skjemaelement"
                    >
                      <input
                        aria-invalid={false}
                        checked={false}
                        className="skjemaelement__input radioknapp"
                        id="Helt tilfeldig ID"
                        name="FiltreringsvalgGruppe"
                        onChange={[Function]}
                        type="radio"
                      />
                      <label
                        className="skjemaelement__label"
                        htmlFor="Helt tilfeldig ID"
                      >
                        Egendefinert
                      </label>
                    </div>
                  </div>
                </fieldset>
              </form>
              <div
                className="c11"
              >
                <button
                  className="knapp knapp--standard"
                  disabled={false}
                  onClick={[Function]}
                  type="button"
                >
                  Hent utbetalinger
                </button>
              </div>
            </form>
            <form
              className="c7"
            >
              <p
                className="typo-element"
              >
                Utbetaling til
              </p>
              <div
                className="skjemaelement"
              >
                <input
                  aria-invalid={false}
                  checked={true}
                  className="skjemaelement__input checkboks"
                  id="Helt tilfeldig ID"
                  onChange={[Function]}
                  type="checkbox"
                />
                <label
                  className="skjemaelement__label"
                  htmlFor="Helt tilfeldig ID"
                >
                  Bruker
                </label>
              </div>
            </form>
            <form
              className="c7"
            >
              <p
                className="typo-element"
              >
                Velg ytelse
              </p>
              <div
                className="skjemaelement"
              >
                <input
                  aria-invalid={false}
                  checked={true}
                  className="skjemaelement__input checkboks"
                  id="Helt tilfeldig ID"
                  onChange={[Function]}
                  type="checkbox"
                />
                <label
                  className="skjemaelement__label"
                  htmlFor="Helt tilfeldig ID"
                >
                  Sykepenger
                </label>
              </div>
            </form>
          </div>
        </div>
      </nav>
    </section>
  </div>
  <div
    className="c1"
    onScroll={[Function]}
  >
    <section
      aria-label="Filtrerte utbetalinger"
      className="c12"
    >
      <div
        className="c13"
      >
        <div
          aria-live="polite"
          className="visually-hidden"
        >
          Det finnes 1 utbetalinger for valgt periode og filtrering
        </div>
        <article>
          <div
            aria-label="Totalt utbetalt"
            className="panel c14"
            onClick={[Function]}
          >
            <div
              className="c15"
            >
              <div
                className="c16"
              >
                <h2
                  className="typo-undertittel"
                >
                  Totalt utbetalt for perioden
                </h2>
                <section
                  className="c17"
                >
                  <span
                    className="typo-normal"
                  >
                    <table
                      role="table"
                    >
                      <thead
                        role="rowgroup"
                      >
                        <tr
                          role="row"
                        >
                          <th
                            role="columnheader"
                          >
                            Totalt Utbetalt
                          </th>
                          <th
                            role="columnheader"
                          >
                            Brutto
                          </th>
                          <th
                            role="columnheader"
                          >
                            Trekk
                          </th>
                          <th
                            role="columnheader"
                          >
                            Utbetalt
                          </th>
                        </tr>
                      </thead>
                      <tbody
                        data-testid="table-tbody"
                        role="rowgroup"
                      >
                        <tr
                          role="row"
                        >
                          <td
                            role="cell"
                          >
                            01.01.1905 - 28.12.1986
                          </td>
                          <td
                            role="cell"
                          >
                            13 370,00
                          </td>
                          <td
                            role="cell"
                          >
                            −1 984,00
                          </td>
                          <td
                            role="cell"
                          >
                            11 386,00
                          </td>
                        </tr>
                      </tbody>
                    </table>
                  </span>
                </section>
                <div
                  className="c18"
                >
                  <span>
                    <button
                      aria-label="Skriv ut"
                      className="c19"
                      onClick={[Function]}
                    >
                      <span
                        className="typo-normal"
                      >
                        Skriv ut
                      </span>
                       
                      <svg
                        viewBox="0 0 17 16"
                        xmlns="http://www.w3.org/2000/svg"
                        xmlnsXlink="http://www.w3.org/1999/xlink"
                      >
                        <path
                          d="M14.8,4.9H2.2c-0.9,0-1.7,0.7-1.7,1.7v4c0,0.9,0.7,1.7,1.7,1.7h1.7v3c0,0.2,0.1,0.3,0.3,0.3h8.7	c0.2,0,0.3-0.1,0.3-0.3v-3h1.7c0.9,0,1.7-0.7,1.7-1.7v-4C16.5,5.6,15.8,4.9,14.8,4.9z M4.5,14.9h8v-4.7h-8V14.9z"
                          fill="#0067C5"
                          fillRule="evenodd"
                        />
                        <path
                          d="M4.9,0.9h7.1c0.6,0,1,0.4,1,1v1.4c0,0.6-0.4,1-1,1H4.9c-0.6,0-1-0.4-1-1V1.9C3.9,1.3,4.4,0.9,4.9,0.9z"
                          fill="#0067C5"
                        />
                      </svg>
                    </button>
                  </span>
                </div>
              </div>
              <div
                className="c20"
              >
                <div
                  className="c21"
                >
                  <div
                    className="c18"
                  >
                    <button
                      aria-expanded={false}
                      className="c22"
                      onClick={[Function]}
                    >
                      <span
                        className="c23"
                      >
                        <span
                          className="typo-normal"
                        >
                          Vis sammendrag
                        </span>
                      </span>
                      <span
                        className="nav-frontend-chevron chevronboks chevron--ned"
                      />
                    </button>
                  </div>
                </div>
              </div>
              <div
                alwaysGrayBackground={false}
                className="c24"
                hasHeader={false}
                open={false}
              >
                <div
                  className="c25"
                  open={false}
                >
                  <aside
                    aria-label="Sammendrag utbetalinger"
                    className="c26"
                  >
                    <div
                      className="typo-normal"
                    >
                      <table
                        role="table"
                      >
                        <thead
                          role="rowgroup"
                        >
                          <tr
                            role="row"
                          >
                            <th
                              role="columnheader"
                              scope="col"
                            >
                              Ytelse
                            </th>
                            <th
                              className="sumBrutto"
                              role="columnheader"
                              scope="col"
                            >
                              Brutto
                            </th>
                            <th
                              className="sumTrekk"
                              role="columnheader"
                              scope="col"
                            >
                              Trekk
                            </th>
                            <th
                              className="sumNetto"
                              role="columnheader"
                              scope="col"
                            >
                              Utbetalt
                            </th>
                            <th
                              className="visually-hidden"
                              role="columnheader"
                              scope="col"
                            >
                              Periode
                            </th>
                            <th
                              className="visually-hidden"
                              role="columnheader"
                              scope="col"
                            >
                              Detaljer
                            </th>
                          </tr>
                        </thead>
                        <tbody
                          role="rowgroup"
                        >
                          <tr
                            role="row"
                          >
                            <th
                              role="rowheader"
                              scope="row"
                            >
                              Sykepenger 2017
                            </th>
                            <td
                              className="sumBrutto"
                              role="cell"
                            >
                              13 370,00
                            </td>
                            <td
                              className="sumTrekk"
                              role="cell"
                            >
                              −1 984,00
                            </td>
                            <td
                              className="sumNetto"
                              role="cell"
                            >
                              11 386,00
                            </td>
                            <td
                              className="periodeForYtelse"
                              role="cell"
                            >
                              09.11.2016
                               - 
                              31.10.2017
                            </td>
                            <td
                              className="ytelseDetaljer"
                              role="cell"
                            >
                              <dl>
                                <dt>
                                  Mouse
                                </dt>
                                <dd>
                                  3 860,00
                                </dd>
                                <dt>
                                  Computer
                                </dt>
                                <dd>
                                  3 930,00
                                </dd>
                                <dt>
                                  Bacon
                                </dt>
                                <dd>
                                  5 580,00
                                </dd>
                              </dl>
                            </td>
                          </tr>
                        </tbody>
                      </table>
                    </div>
                  </aside>
                </div>
              </div>
            </div>
          </div>
        </article>
        <div
          className="c27"
          onKeyDown={[Function]}
          tabIndex={-1}
        >
          <article>
            <div
              aria-label="Utbetalinger"
              className="panel c28"
            >
              <div
                className="c29"
              >
                <h2
                  className="typo-undertittel"
                >
                  Utbetalinger
                </h2>
                <p
                  className="typo-normal"
                >
                  (
                  1
                   utbetalinger)
                </p>
              </div>
              <ol
                aria-label="Måneder"
                className="c30"
              >
                <li
                  className="c31"
                >
                  <div
                    className="c32"
                  >
                    <h3
                      className="typo-element"
                    >
                      <span
                        className="c33"
                      >
                        Mars 2017
                      </span>
                    </h3>
                  </div>
                  <ol
                    aria-label="Utbetalinger fra Mars 2017"
                  >
                    <li
                      className="c34 test-utbetaling-utbetalinglamell"
                      onClick={[Function]}
                      onFocus={[Function]}
                      tabIndex={0}
                    >
                      <article
                        aria-expanded={false}
                        aria-label="Utbetaling Sykepenger"
                      >
                        <div
                          className="c15"
                        >
                          <div
                            className="c35"
                          >
                            <div
                              className="c36"
                            >
                              <h4
                                className="typo-element"
                              >
                                Sykepenger
                              </h4>
                              <p
                                className="typo-element"
                              >
                                11 386,00
                              </p>
                            </div>
                            <p
                              className="typo-normal order-first"
                            >
                              29. Mars 2017
                               / 
                              <span
                                className="c37"
                              >
                                Utbetalt
                              </span>
                            </p>
                            <div
                              className="c36"
                            >
                              <p
                                className="typo-normal"
                              >
                                09.11.2016 - 31.10.2017
                              </p>
                              <p
                                className="typo-normal"
                              />
                            </div>
                            <div
                              className="c36"
                            >
                              <p
                                className="typo-normal"
                              >
                                Utbetaling til: 
                                AREMARK TESTFAMILIEN
                              </p>
                              <span>
                                <button
                                  aria-label="Skriv ut"
                                  className="c19"
                                  onClick={[Function]}
                                >
                                  <span
                                    className="typo-normal"
                                  >
                                    Skriv ut
                                  </span>
                                   
                                  <svg
                                    viewBox="0 0 17 16"
                                    xmlns="http://www.w3.org/2000/svg"
                                    xmlnsXlink="http://www.w3.org/1999/xlink"
                                  >
                                    <path
                                      d="M14.8,4.9H2.2c-0.9,0-1.7,0.7-1.7,1.7v4c0,0.9,0.7,1.7,1.7,1.7h1.7v3c0,0.2,0.1,0.3,0.3,0.3h8.7	c0.2,0,0.3-0.1,0.3-0.3v-3h1.7c0.9,0,1.7-0.7,1.7-1.7v-4C16.5,5.6,15.8,4.9,14.8,4.9z M4.5,14.9h8v-4.7h-8V14.9z"
                                      fill="#0067C5"
                                      fillRule="evenodd"
                                    />
                                    <path
                                      d="M4.9,0.9h7.1c0.6,0,1,0.4,1,1v1.4c0,0.6-0.4,1-1,1H4.9c-0.6,0-1-0.4-1-1V1.9C3.9,1.3,4.4,0.9,4.9,0.9z"
                                      fill="#0067C5"
                                    />
                                  </svg>
                                </button>
                              </span>
                            </div>
                          </div>
                          <div
                            className="c20"
                          >
                            <div
                              className="c21"
                            >
                              <div
                                className="c18"
                              >
                                <button
                                  aria-expanded={false}
                                  className="c22"
                                  onClick={[Function]}
                                >
                                  <span
                                    className="c23"
                                  >
                                    <span
                                      className="typo-normal"
                                    >
                                      Vis detaljer
                                    </span>
                                  </span>
                                  <span
                                    className="nav-frontend-chevron chevronboks chevron--ned"
                                  />
                                </button>
                              </div>
                            </div>
                          </div>
                          <div
                            alwaysGrayBackground={false}
                            className="c24"
                            hasHeader={false}
                            open={false}
                          >
                            <div
                              className="c25"
                              open={false}
                            >
                              <aside
                                aria-label="Utbetalingsdetaljer"
                                className="c38"
                              >
                                <span
                                  className="typo-normal"
                                >
                                  <div
                                    className="c39"
                                  >
                                    <table
                                      role="table"
                                    >
                                      <thead
                                        role="rowgroup"
                                      >
                                        <tr
                                          role="row"
                                        >
                                          <th
                                            role="columnheader"
                                          >
                                            Konto
                                          </th>
                                          <th
                                            role="columnheader"
                                          >
                                            Brutto
                                          </th>
                                          <th
                                            role="columnheader"
                                          >
                                            Trekk
                                          </th>
                                          <th
                                            role="columnheader"
                                          >
                                            Utbetalt
                                          </th>
                                        </tr>
                                      </thead>
                                      <tbody
                                        data-testid="table-tbody"
                                        role="rowgroup"
                                      >
                                        <tr
                                          role="row"
                                        >
                                          <td
                                            role="cell"
                                          >
                                            83980854563
                                          </td>
                                          <td
                                            role="cell"
                                          >
                                            13 370,00
                                          </td>
                                          <td
                                            role="cell"
                                          >
                                            −1 984,00
                                          </td>
                                          <td
                                            role="cell"
                                          >
                                            11 386,00
                                          </td>
                                        </tr>
                                      </tbody>
                                    </table>
                                  </div>
                                </span>
                                <div
                                  className="c40"
                                />
                                <span
                                  className="typo-normal"
                                >
                                  <table
                                    role="table"
                                  >
                                    <thead
                                      role="rowgroup"
                                    >
                                      <tr
                                        role="row"
                                      >
                                        <th
                                          role="columnheader"
                                        >
                                          Detaljer
                                        </th>
                                        <th
                                          role="columnheader"
                                        >
                                          Sats
                                        </th>
                                        <th
                                          role="columnheader"
                                        >
                                          Antall
                                        </th>
                                        <th
                                          role="columnheader"
                                        >
                                          Beløp
                                        </th>
                                      </tr>
                                    </thead>
                                    <tbody
                                      data-testid="table-tbody"
                                      role="rowgroup"
                                    >
                                      <tr
                                        role="row"
                                      >
                                        <td
                                          role="cell"
                                        >
                                          Bacon
                                        </td>
                                        <td
                                          role="cell"
                                        >
                                          558,00
                                        </td>
                                        <td
                                          role="cell"
                                        >
                                          10
                                        </td>
                                        <td
                                          role="cell"
                                        >
                                          5 580,00
                                        </td>
                                      </tr>
                                      <tr
                                        role="row"
                                      >
                                        <td
                                          role="cell"
                                        >
                                          Computer
                                        </td>
                                        <td
                                          role="cell"
                                        >
                                          1 310,00
                                        </td>
                                        <td
                                          role="cell"
                                        >
                                          3
                                        </td>
                                        <td
                                          role="cell"
                                        >
                                          3 930,00
                                        </td>
                                      </tr>
                                      <tr
                                        role="row"
                                      >
                                        <td
                                          role="cell"
                                        >
                                          Mouse
                                        </td>
                                        <td
                                          role="cell"
                                        >
                                          1 930,00
                                        </td>
                                        <td
                                          role="cell"
                                        >
                                          2
                                        </td>
                                        <td
                                          role="cell"
                                        >
                                          3 860,00
                                        </td>
                                      </tr>
                                      <tr
                                        role="row"
                                      >
                                        <td
                                          role="cell"
                                        >
                                          Skattetrekk
                                        </td>
                                        <td
                                          role="cell"
                                        >
                                          —
                                        </td>
                                        <td
                                          role="cell"
                                        >
                                          —
                                        </td>
                                        <td
                                          role="cell"
                                        >
                                          −730,00
                                        </td>
                                      </tr>
                                      <tr
                                        role="row"
                                      >
                                        <td
                                          role="cell"
                                        >
                                          Prosenttrekk
                                        </td>
                                        <td
                                          role="cell"
                                        >
                                          —
                                        </td>
                                        <td
                                          role="cell"
                                        >
                                          —
                                        </td>
                                        <td
                                          role="cell"
                                        >
                                          −1 042,00
                                        </td>
                                      </tr>
                                      <tr
                                        role="row"
                                      >
                                        <td
                                          role="cell"
                                        >
                                          Prosenttrekk
                                        </td>
                                        <td
                                          role="cell"
                                        >
                                          —
                                        </td>
                                        <td
                                          role="cell"
                                        >
                                          —
                                        </td>
                                        <td
                                          role="cell"
                                        >
                                          −212,00
                                        </td>
                                      </tr>
                                    </tbody>
                                  </table>
                                </span>
                                <div
                                  className="c40"
                                />
                                <h4
                                  className="typo-element"
                                >
                                  Melding
                                </h4>
                                <p
                                  className="typo-normal"
                                >
                                  Utbetalingsmelding
                                </p>
                              </aside>
                            </div>
                          </div>
                        </div>
                      </article>
                    </li>
                  </ol>
                </li>
              </ol>
            </div>
          </article>
        </div>
      </div>
    </section>
  </div>
</div>
`;
