// Jest Snapshot v1, https://goo.gl/fbAQLP

exports[`Viser utbetalingercontainer med alt innhold 1`] = `
.c2 {
  background-color: white;
  border-radius: 4px;
  padding: 1.25rem;
  margin-bottom: .8rem;
}

.c3 {
  display: -webkit-inline-box;
  display: -webkit-inline-flex;
  display: -ms-inline-flexbox;
  display: inline-flex;
  -webkit-flex-direction: column;
  -ms-flex-direction: column;
  flex-direction: column;
  margin: 1.5rem 3rem 1.5rem 0;
}

.c3 > *:not(:first-child) {
  margin-top: 1.5rem;
}

.c4 {
  display: -webkit-box;
  display: -webkit-flex;
  display: -ms-flexbox;
  display: flex;
  -webkit-flex-direction: column;
  -ms-flex-direction: column;
  flex-direction: column;
}

.c4 > *:first-child {
  margin-bottom: .5rem;
}

.c4 > * {
  margin-top: .5rem;
}

.c6 {
  margin-top: 1rem;
}

.c5 {
  border: none;
  margin: 0;
  padding: 0;
}

.c5 > *:first-child {
  margin-bottom: .8rem;
}

.c5 > *:last-child {
  margin-bottom: 0;
}

.c0 {
  display: -webkit-box;
  display: -webkit-flex;
  display: -ms-flexbox;
  display: flex;
  -webkit-align-items: flex-start;
  -webkit-box-align: flex-start;
  -ms-flex-align: flex-start;
  align-items: flex-start;
}

.c1 {
  min-width: 18rem;
  -webkit-flex-basis: 18rem;
  -ms-flex-preferred-size: 18rem;
  flex-basis: 18rem;
}

.c7 {
  position: relative;
  -webkit-box-flex: 1;
  -webkit-flex-grow: 1;
  -ms-flex-positive: 1;
  flex-grow: 1;
  min-width: 35rem;
}

.c8 {
  text-align: right;
  position: absolute;
  top: 1.25rem;
  right: 1.25rem;
}

@media (max-width:80rem) {
  .c0 {
    display: block;
  }
}

@media not all and (max-width:80rem) {
  .c7 {
    margin-left: .8rem;
  }
}

<article
  aria-label="Utbetalinger"
  className="c0"
  role="region"
>
  <section
    className="c1"
  >
    <nav
      className="c2"
      onClick={[Function]}
    >
      <h2
        className="typo-undertittel"
      >
        Filtrering
      </h2>
      <div
        className="c3"
      >
        <form
          className="c4"
        >
          <fieldset
            className="c5"
          >
            <legend
              className="typo-etikett-liten"
            >
              Velg periode
            </legend>
            <div
              className="skjemaelement skjemaelement--horisontal"
            >
              <input
                checked={true}
                className="skjemaelement__input radioknapp"
                id="Helt tilfeldig ID"
                name="FiltreringsvalgGruppe"
                onChange={[Function]}
                type="radio"
              />
              <label
                className="skjemaelement__label"
                htmlFor="Helt tilfeldig ID"
              >
                Siste 30 dager
              </label>
            </div>
            <div
              className="skjemaelement skjemaelement--horisontal"
            >
              <input
                checked={false}
                className="skjemaelement__input radioknapp"
                id="Helt tilfeldig ID"
                name="FiltreringsvalgGruppe"
                onChange={[Function]}
                type="radio"
              />
              <label
                className="skjemaelement__label"
                htmlFor="Helt tilfeldig ID"
              >
                Inneværende år
              </label>
            </div>
            <div
              className="skjemaelement skjemaelement--horisontal"
            >
              <input
                checked={false}
                className="skjemaelement__input radioknapp"
                id="Helt tilfeldig ID"
                name="FiltreringsvalgGruppe"
                onChange={[Function]}
                type="radio"
              />
              <label
                className="skjemaelement__label"
                htmlFor="Helt tilfeldig ID"
              >
                I fjor
              </label>
            </div>
            <div
              className="skjemaelement skjemaelement--horisontal"
            >
              <input
                checked={false}
                className="skjemaelement__input radioknapp"
                id="Helt tilfeldig ID"
                name="FiltreringsvalgGruppe"
                onChange={[Function]}
                type="radio"
              />
              <label
                className="skjemaelement__label"
                htmlFor="Helt tilfeldig ID"
              >
                Egendefinert
              </label>
            </div>
          </fieldset>
          <div
            className="c6"
          >
            <button
              className="knapp knapp--standard"
              disabled={false}
              onClick={[Function]}
              type="button"
            >
              Hent utbetalinger
            </button>
          </div>
        </form>
      </div>
      <div
        className="c3"
      >
        <form
          className="c4"
        >
          <p
            className="typo-etikett-liten"
          >
            Utbetaling til
          </p>
          <div
            className="skjemaelement skjemaelement--horisontal"
          >
            <input
              checked={true}
              className="skjemaelement__input checkboks"
              id="Helt tilfeldig ID"
              onChange={[Function]}
              type="checkbox"
            />
            <label
              className="skjemaelement__label"
              htmlFor="Helt tilfeldig ID"
            >
              Bruker
            </label>
            <div
              aria-live="assertive"
              role="alert"
            />
          </div>
        </form>
        <form
          className="c4"
        >
          <p
            className="typo-etikett-liten"
          >
            Velg ytelse
          </p>
          <div
            className="skjemaelement skjemaelement--horisontal"
          >
            <input
              checked={true}
              className="skjemaelement__input checkboks"
              id="Helt tilfeldig ID"
              onChange={[Function]}
              type="checkbox"
            />
            <label
              className="skjemaelement__label"
              htmlFor="Helt tilfeldig ID"
            >
              Sykepenger
            </label>
            <div
              aria-live="assertive"
              role="alert"
            />
          </div>
        </form>
      </div>
    </nav>
  </section>
  <section
    className="c7"
  >
    <h2
      className="typo-undertittel visually-hidden"
    >
      Filtrerte utbetalinger
    </h2>
    <div
      aria-live={undefined}
      className="alertstripe alertstripe--info"
    >
      <span
        aria-label="info"
        className="alertstripe__ikon"
      >
        <svg
          focusable="false"
          height="1.5em"
          kind="info-sirkel-orange"
          onClick={undefined}
          style={undefined}
          viewBox="0 0 24 24"
          width="1.5em"
        >
          <title>
            Informasjon
          </title>
          <g
            fill="#D87F0A"
            fillRule="evenodd"
          >
            <path
              d="M12 0C5.383 0 0 5.383 0 12s5.383 12 12 12 12-5.383 12-12S18.617 0 12 0zm0 22.957C5.958 22.957 1.043 18.042 1.043 12 1.043 5.958 5.958 1.043 12 1.043c6.042 0 10.957 4.915 10.957 10.957 0 6.042-4.915 10.957-10.957 10.957z"
            />
            <path
              d="M15.13 18.783h-2.608v-8.87A.522.522 0 0 0 12 9.391H9.913a.522.522 0 0 0 0 1.044h1.565v8.348H8.87a.522.522 0 0 0 0 1.043h6.26a.522.522 0 0 0 0-1.043z"
            />
            <ellipse
              cx="11.478"
              cy="5.739"
              rx="1.043"
              ry="1.043"
            />
          </g>
        </svg>
      </span>
      <span
        className="typo-normal alertstripe__tekst"
      >
        Det finnes ingen utbetalinger for valgte kombinasjon av periode og filtrering.
      </span>
    </div>
    <div
      className="c8"
    >
      <p
        className="typo-undertekst"
      >
        <a
          className="lenke"
        >
          Meldinger/utbetalinger i Arena
        </a>
      </p>
    </div>
  </section>
</article>
`;
