// Jest Snapshot v1, https://goo.gl/fbAQLP

exports[`Viser utbetalingercontainer med alt innhold 1`] = `
.c14 {
  border: none;
  background-color: transparent;
  padding: .1rem .2rem;
  border-radius: .35rem;
  cursor: pointer;
  display: -webkit-box;
  display: -webkit-flex;
  display: -ms-flexbox;
  display: flex;
  color: #0067c5;
}

.c14 svg {
  margin-left: .5rem;
  height: 1.2rem;
  width: 1.2rem;
}

.c14:focus {
  outline: none;
  box-shadow: 0 0 0 0.1875rem #FFBD66;
}

.c14:hover {
  opacity: 0.8;
  -webkit-text-decoration: underline;
  text-decoration: underline;
}

.c3 {
  background-color: white;
  border-radius: .25rem;
  padding: 1.25rem;
  margin-bottom: .8rem;
}

.c4 {
  display: -webkit-inline-box;
  display: -webkit-inline-flex;
  display: -ms-inline-flexbox;
  display: inline-flex;
  -webkit-flex-direction: column;
  -ms-flex-direction: column;
  flex-direction: column;
  margin: 1.5rem 3rem 1.5rem 0;
}

.c4 > *:not(:first-child) {
  margin-top: 1.5rem;
}

.c5 {
  display: -webkit-box;
  display: -webkit-flex;
  display: -ms-flexbox;
  display: flex;
  -webkit-flex-direction: column;
  -ms-flex-direction: column;
  flex-direction: column;
}

.c5 > *:first-child {
  margin-bottom: .5rem;
}

.c5 > * {
  margin-top: .5rem;
}

.c7 {
  margin-top: 1rem;
}

.c6 {
  border: none;
  margin: 0;
  padding: 0;
}

.c6 > *:first-child {
  margin-bottom: .8rem;
}

.c6 > *:last-child {
  margin-bottom: 0;
}

.c26 {
  display: -webkit-box;
  display: -webkit-flex;
  display: -ms-flexbox;
  display: flex;
  -webkit-box-pack: justify;
  -webkit-justify-content: space-between;
  -ms-flex-pack: justify;
  justify-content: space-between;
}

.c13 {
  display: -webkit-box;
  display: -webkit-flex;
  display: -ms-flexbox;
  display: flex;
  -webkit-box-pack: end;
  -webkit-justify-content: flex-end;
  -ms-flex-pack: end;
  justify-content: flex-end;
}

.c23 {
  text-transform: uppercase;
}

.c22 {
  font-weight: bold;
}

.c15 {
  -webkit-transition: .5s;
  transition: .5s;
  padding: 0 1.25rem 1.25rem;
}

.c16 {
  -webkit-transition: .5s;
  transition: .5s;
  padding: 0 1.25rem;
}

.c17 {
  border: none;
  padding: .1rem .2rem;
  border-radius: .35rem;
  cursor: pointer;
  background-color: transparent;
  display: -webkit-box;
  display: -webkit-flex;
  display: -ms-flexbox;
  display: flex;
  -webkit-align-items: center;
  -webkit-box-align: center;
  -ms-flex-align: center;
  align-items: center;
  color: #0067c5;
}

.c17:focus {
  outline: none;
  box-shadow: 0 0 0 0.1875rem #FFBD66;
}

.c17:hover {
  opacity: 0.8;
  -webkit-text-decoration: underline;
  text-decoration: underline;
}

.c18 {
  margin-right: .5rem;
}

.c10 {
  background-color: white;
  border-radius: .25rem;
  cursor: pointer;
}

.c11 {
  padding: 1.25rem 1.25rem 0;
}

.c12 {
  margin: 1rem 0;
}

.c12 th {
  font-weight: normal;
}

.c12 th {
  text-transform: uppercase;
}

.c12 td {
  font-weight: bold;
}

.c24 {
  cursor: pointer;
}

.c24:focus {
  outline: none;
  box-shadow: 0 0 0 0.1875rem #FFBD66;
}

.c25 {
  display: -webkit-box;
  display: -webkit-flex;
  display: -ms-flexbox;
  display: flex;
  -webkit-flex-direction: column;
  -ms-flex-direction: column;
  flex-direction: column;
  padding: 0.625rem 1.25rem 0;
  -webkit-transition: 0.3s;
  transition: 0.3s;
  cursor: pointer;
}

.c25 > *:nth-child(3) {
  margin-bottom: .8rem;
}

.c25 .order-first {
  -webkit-order: -1;
  -ms-flex-order: -1;
  order: -1;
}

.c21 > *:first-child {
  background-color: #9bd0b0;
  padding: .2rem 1.25rem;
}

.c21 ol {
  padding: 0;
  margin: 0;
}

.c21 ol > *:not(:first-child) {
  border-top: solid 0.0625rem #59514b;
}

.c19 {
  background-color: white;
  border-radius: .25rem;
  margin-top: .8rem;
}

.c19 > *:first-child {
  padding: 1.25rem;
}

.c20 {
  padding: 0;
  margin: 0;
}

.c9 ol {
  list-style: none;
}

.c9 table {
  width: 100%;
  text-align: right;
  border-spacing: 0;
}

.c9 table * {
  padding: 0;
  margin: 0;
}

.c9 table tr > * {
  padding: 0.1rem;
  text-align: right;
}

.c9 table tr > *:first-child {
  text-align: left;
}

.c9 table tr > *:not(:first-child) {
  width: 6rem;
}

.c2 {
  background-color: white;
  border-radius: .25rem;
  padding: 1.25rem;
  margin-bottom: .8rem;
}

.c0 {
  display: -webkit-box;
  display: -webkit-flex;
  display: -ms-flexbox;
  display: flex;
  -webkit-align-items: flex-start;
  -webkit-box-align: flex-start;
  -ms-flex-align: flex-start;
  align-items: flex-start;
}

.c1 {
  min-width: 18rem;
  -webkit-flex-basis: 18rem;
  -ms-flex-preferred-size: 18rem;
  flex-basis: 18rem;
}

.c8 {
  position: relative;
  -webkit-box-flex: 1;
  -webkit-flex-grow: 1;
  -ms-flex-positive: 1;
  flex-grow: 1;
  min-width: 35rem;
}

@media (max-width:80rem) {
  .c0 {
    display: block;
  }
}

@media not all and (max-width:80rem) {
  .c8 {
    margin-left: .8rem;
  }
}

<article
  aria-label="Utbetalinger"
  className="c0"
  role="region"
>
  <section
    className="c1"
  >
    <nav
      className="c2"
    >
      <p
        className="typo-normal"
      >
        <a
          className="lenke"
          href="http://arena.adeo.no/forms/arenaMod.html?oppstart_skj=UB_22_MELDEHISTORIKK&fodselsnr=10108000398"
          target="_blank"
        >
          Meldinger/utbetalinger i Arena
        </a>
      </p>
    </nav>
    <nav
      className="c3"
      onClick={[Function]}
    >
      <h2
        className="typo-undertittel"
      >
        Filtrering
      </h2>
      <div
        className="c4"
      >
        <form
          className="c5"
        >
          <fieldset
            className="c6"
          >
            <legend
              className="typo-etikett-liten"
            >
              Velg periode
            </legend>
            <div
              className="skjemaelement skjemaelement--horisontal"
            >
              <input
                checked={true}
                className="skjemaelement__input radioknapp"
                id="Helt tilfeldig ID"
                name="FiltreringsvalgGruppe"
                onChange={[Function]}
                type="radio"
              />
              <label
                className="skjemaelement__label"
                htmlFor="Helt tilfeldig ID"
              >
                Siste 30 dager
              </label>
            </div>
            <div
              className="skjemaelement skjemaelement--horisontal"
            >
              <input
                checked={false}
                className="skjemaelement__input radioknapp"
                id="Helt tilfeldig ID"
                name="FiltreringsvalgGruppe"
                onChange={[Function]}
                type="radio"
              />
              <label
                className="skjemaelement__label"
                htmlFor="Helt tilfeldig ID"
              >
                Inneværende år
              </label>
            </div>
            <div
              className="skjemaelement skjemaelement--horisontal"
            >
              <input
                checked={false}
                className="skjemaelement__input radioknapp"
                id="Helt tilfeldig ID"
                name="FiltreringsvalgGruppe"
                onChange={[Function]}
                type="radio"
              />
              <label
                className="skjemaelement__label"
                htmlFor="Helt tilfeldig ID"
              >
                I fjor
              </label>
            </div>
            <div
              className="skjemaelement skjemaelement--horisontal"
            >
              <input
                checked={false}
                className="skjemaelement__input radioknapp"
                id="Helt tilfeldig ID"
                name="FiltreringsvalgGruppe"
                onChange={[Function]}
                type="radio"
              />
              <label
                className="skjemaelement__label"
                htmlFor="Helt tilfeldig ID"
              >
                Egendefinert
              </label>
            </div>
          </fieldset>
          <div
            className="c7"
          >
            <button
              className="knapp knapp--standard"
              disabled={false}
              onClick={[Function]}
              type="button"
            >
              Hent utbetalinger
            </button>
          </div>
        </form>
      </div>
      <div
        className="c4"
      >
        <form
          className="c5"
        >
          <p
            className="typo-etikett-liten"
          >
            Utbetaling til
          </p>
          <div
            className="skjemaelement skjemaelement--horisontal"
          >
            <input
              checked={true}
              className="skjemaelement__input checkboks"
              id="Helt tilfeldig ID"
              onChange={[Function]}
              type="checkbox"
            />
            <label
              className="skjemaelement__label"
              htmlFor="Helt tilfeldig ID"
            >
              Bruker
            </label>
            <div
              aria-live="assertive"
              role="alert"
            />
          </div>
        </form>
        <form
          className="c5"
        >
          <p
            className="typo-etikett-liten"
          >
            Velg ytelse
          </p>
          <div
            className="skjemaelement skjemaelement--horisontal"
          >
            <input
              checked={true}
              className="skjemaelement__input checkboks"
              id="Helt tilfeldig ID"
              onChange={[Function]}
              type="checkbox"
            />
            <label
              className="skjemaelement__label"
              htmlFor="Helt tilfeldig ID"
            >
              Sykepenger
            </label>
            <div
              aria-live="assertive"
              role="alert"
            />
          </div>
        </form>
      </div>
    </nav>
  </section>
  <section
    className="c8"
  >
    <h2
      className="typo-undertittel visually-hidden"
    >
      Filtrerte utbetalinger
    </h2>
    <div
      className="c9"
    >
      <article
        className="c10"
        onClick={[Function]}
      >
        <div
          className="c11"
        >
          <h2
            className="typo-undertittel"
          >
            Totalt utbetalt for perioden
          </h2>
          <section
            className="c12"
          >
            <span
              className="typo-normal"
            >
              <table>
                <thead>
                  <tr>
                    <th>
                      Totalt Utbetalt
                    </th>
                    <th>
                      Brutto
                    </th>
                    <th>
                      Trekk
                    </th>
                    <th>
                      Utbetalt
                    </th>
                  </tr>
                </thead>
                <tbody>
                  <tr>
                    <td>
                      02.12.1969 - 01.01.1970
                    </td>
                    <td>
                      13,370.00
                    </td>
                    <td>
                      -1,984.00
                    </td>
                    <td>
                      11,386.00
                    </td>
                  </tr>
                </tbody>
              </table>
            </span>
          </section>
          <div
            className="c13"
          >
            <button
              aria-label="Skriv ut"
              className="c14"
              onClick={[Function]}
            >
              <span
                className="typo-normal"
              >
                Skriv ut
              </span>
               
              <svg
                viewBox="0 0 17 16"
                xmlns="http://www.w3.org/2000/svg"
                xmlnsXlink="http://www.w3.org/1999/xlink"
              >
                <path
                  d="M14.8,4.9H2.2c-0.9,0-1.7,0.7-1.7,1.7v4c0,0.9,0.7,1.7,1.7,1.7h1.7v3c0,0.2,0.1,0.3,0.3,0.3h8.7	c0.2,0,0.3-0.1,0.3-0.3v-3h1.7c0.9,0,1.7-0.7,1.7-1.7v-4C16.5,5.6,15.8,4.9,14.8,4.9z M4.5,14.9h8v-4.7h-8V14.9z"
                  fill="#0067C5"
                  fillRule="evenodd"
                />
                <path
                  d="M4.9,0.9h7.1c0.6,0,1,0.4,1,1v1.4c0,0.6-0.4,1-1,1H4.9c-0.6,0-1-0.4-1-1V1.9C3.9,1.3,4.4,0.9,4.9,0.9z"
                  fill="#0067C5"
                />
              </svg>
            </button>
          </div>
        </div>
        <div
          className="c15"
          open={false}
        >
          <div
            className="c16"
            open={false}
          />
          <div
            className="c13"
          >
            <button
              aria-expanded={false}
              className="c17"
              onClick={[Function]}
              open={false}
            >
              <span
                className="c18"
              >
                <span
                  className="typo-normal"
                >
                  Vis
                   detaljer
                </span>
              </span>
              <i
                className="nav-frontend-chevron chevronboks chevron--ned"
              />
            </button>
          </div>
        </div>
      </article>
      <article
        className="c19"
      >
        <h2
          className="typo-undertittel"
        >
          Utbetalinger
        </h2>
        <ol
          className="c20"
          onBlur={[Function]}
          onFocus={[Function]}
        >
          <li
            className="c21"
          >
            <h3
              className="typo-normal"
            >
              <span
                className="c22"
              >
                <span
                  className="c23"
                >
                  Mars 2017
                </span>
              </span>
            </h3>
            <ol>
              <li
                className="c24"
                onBlur={[Function]}
                onClick={[Function]}
                onFocus={[Function]}
                tabIndex={0}
              >
                <div
                  className="c25"
                >
                  <div
                    className="c26"
                  >
                    <h4
                      className="typo-normal"
                    >
                      <span
                        className="c22"
                      >
                        Sykepenger
                      </span>
                    </h4>
                    <p
                      className="typo-normal"
                    >
                      <span
                        className="c22"
                      >
                        11,386.00
                      </span>
                    </p>
                  </div>
                  <p
                    className="typo-normal order-first"
                  >
                    29. Mars 2017
                     / 
                    <span
                      className="c22"
                    >
                      Utbetalt
                    </span>
                  </p>
                  <div
                    className="c26"
                  >
                    <p
                      className="typo-normal"
                    >
                      09.11.2016 - 31.10.2017
                    </p>
                    <p
                      className="typo-normal"
                    >
                      
                    </p>
                  </div>
                  <div
                    className="c26"
                  >
                    <p
                      className="typo-normal"
                    >
                      Utbetaling til: 
                      AREMARK TESTFAMILIEN
                    </p>
                    <button
                      aria-label="Skriv ut"
                      className="c14"
                      onClick={[Function]}
                    >
                      <span
                        className="typo-normal"
                      >
                        Skriv ut
                      </span>
                       
                      <svg
                        viewBox="0 0 17 16"
                        xmlns="http://www.w3.org/2000/svg"
                        xmlnsXlink="http://www.w3.org/1999/xlink"
                      >
                        <path
                          d="M14.8,4.9H2.2c-0.9,0-1.7,0.7-1.7,1.7v4c0,0.9,0.7,1.7,1.7,1.7h1.7v3c0,0.2,0.1,0.3,0.3,0.3h8.7	c0.2,0,0.3-0.1,0.3-0.3v-3h1.7c0.9,0,1.7-0.7,1.7-1.7v-4C16.5,5.6,15.8,4.9,14.8,4.9z M4.5,14.9h8v-4.7h-8V14.9z"
                          fill="#0067C5"
                          fillRule="evenodd"
                        />
                        <path
                          d="M4.9,0.9h7.1c0.6,0,1,0.4,1,1v1.4c0,0.6-0.4,1-1,1H4.9c-0.6,0-1-0.4-1-1V1.9C3.9,1.3,4.4,0.9,4.9,0.9z"
                          fill="#0067C5"
                        />
                      </svg>
                    </button>
                  </div>
                </div>
                <div
                  className="c15"
                  open={false}
                >
                  <div
                    className="c16"
                    open={false}
                  />
                  <div
                    className="c13"
                  >
                    <button
                      aria-expanded={false}
                      className="c17"
                      onClick={[Function]}
                      open={false}
                    >
                      <span
                        className="c18"
                      >
                        <span
                          className="typo-normal"
                        >
                          Vis
                           detaljer
                        </span>
                      </span>
                      <i
                        className="nav-frontend-chevron chevronboks chevron--ned"
                      />
                    </button>
                  </div>
                </div>
              </li>
            </ol>
          </li>
        </ol>
      </article>
    </div>
  </section>
</article>
`;
