// Vitest Snapshot v1, https://vitest.dev/guide/snapshot.html

exports[`viser dodsbo 1`] = `
<DocumentFragment>
  .c4 {
  color: #645f5a;
  margin-top: 3px;
}

.c4 .typo-etikett-liten {
  line-height: 1rem;
}

.c1 {
  position: relative;
  display: flex;
  align-items: center;
}

.c2 {
  position: absolute;
  left: -3.125rem;
  width: 3.125rem;
  display: flex;
  justify-content: center;
}

.c2 >svg {
  height: 1.5rem;
  width: auto;
}

.c0 {
  margin: 10px 0 20px 0;
}

.c0:last-child {
  margin: 10px 0 0 0;
}

.c3 {
  margin-top: 0.5rem;
}

<div
    class="c0"
  >
    <div
      class="c1"
    >
      <div
        class="c2"
      >
        <svg
          height="24"
          viewBox="0 0 24 24"
          width="24"
          xmlns="http://www.w3.org/2000/svg"
        >
          <g
            fill="#C6C2BF"
          >
            <defs>
              <mask
                id="locationpinmask"
              >
                <rect
                  fill="#fff"
                  height="100%"
                  width="100%"
                />
                <circle
                  cx="12"
                  cy="8"
                  fill="#000"
                  r="4"
                />
              </mask>
            </defs>
            <path
              d="M19.5 8c0 4.1-7.5 15.5-7.5 15.5S4.5 12.1 4.5 8a7.5 7.5 0 1 1 15 0z"
              mask="url(#locationpinmask)"
            />
          </g>
        </svg>
      </div>
      <h4
        class="typo-element"
      >
        Kontaktinformasjon for dødsbo
      </h4>
    </div>
    <p
      class="typo-normal"
    >
      Advokat Navnesen
    </p>
    <p
      class="typo-normal"
    >
      Advokatfirma Advokatkontoret Aremark
    </p>
    <p
      class="typo-normal"
    >
      Org. nr: 01234567891011
    </p>
    <div
      class="c3"
    >
      <p
        class="typo-normal"
      >
        Elgelia 20, 0000 Aremark
      </p>
    </div>
    <div
      class="c4"
    >
      <p
        class="typo-undertekst"
      >
        Endret 01.01.2020 av folkeregisteret (kilde: tingretten)
      </p>
    </div>
  </div>
</DocumentFragment>
`;
