// Jest Snapshot v1, https://goo.gl/fbAQLP

exports[`Kommende utbetalinger matcher snapshot 1`] = `
.c3 {
  display: -webkit-box;
  display: -webkit-flex;
  display: -ms-flexbox;
  display: flex;
  -webkit-box-pack: center;
  -webkit-justify-content: center;
  -ms-flex-pack: center;
  justify-content: center;
}

.c2 > li {
  display: -webkit-box;
  display: -webkit-flex;
  display: -ms-flexbox;
  display: flex;
  -webkit-box-pack: justify;
  -webkit-justify-content: space-between;
  -ms-flex-pack: justify;
  justify-content: space-between;
}

.c2 > li > *:last-child {
  margin-left: 1rem;
}

.c2 > li:not(:last-child) {
  border-bottom: solid 0.0625rem #c6c2bf;
  padding-bottom: 0.1rem;
  margin-bottom: 0.1rem;
}

.c1 {
  overflow: auto;
  box-shadow: 0 0 0 0.05rem rgba(0,0,0,0.25);
  border-radius: .25rem;
  background-color: white;
}

.c1 table {
  text-align: left;
  width: 100%;
}

.c1 table thead {
  border-bottom: 0.2rem solid rgba(0,0,0,0.15);
  font-weight: bold;
}

.c1 table th,
.c1 table td {
  padding: 0.7rem;
  vertical-align: middle;
}

.c1 table th {
  padding-bottom: 0.7rem;
}

.c1 table tr:nth-child(even) {
  background-color: rgba(0,0,0,0.1);
}

.c0 {
  white-space: nowrap;
}

.c0 > *:not(:last-child) {
  margin-bottom: 1rem;
}

<div
  className="c0"
>
  <div
    className="typo-normal c1"
  >
    <table
      role="table"
    >
      <thead
        role="rowgroup"
      >
        <tr
          role="row"
        >
          <th
            role="columnheader"
          >
            Type
          </th>
          <th
            role="columnheader"
          >
            Netto
          </th>
          <th
            role="columnheader"
          >
            Dato
          </th>
          <th
            role="columnheader"
          >
            Periode
          </th>
          <th
            role="columnheader"
          >
            Bruttobeløp
          </th>
          <th
            role="columnheader"
          >
            Arbeidsgiver
          </th>
          <th
            role="columnheader"
          >
            Orgnummer
          </th>
          <th
            role="columnheader"
          >
            Skattetrekk
          </th>
          <th
            role="columnheader"
          >
            Kreditortrekk
          </th>
        </tr>
      </thead>
      <tbody
        role="rowgroup"
      >
        <tr
          role="row"
        >
          <td
            role="cell"
          >
            Foreldrepenger
          </td>
          <td
            role="cell"
          >
            11,386.00 NOK
          </td>
          <td
            role="cell"
          >
            29.03.2017
          </td>
          <td
            role="cell"
          >
            09.11.2016 - 31.10.2017
          </td>
          <td
            role="cell"
          >
            13,370.00 NOK
          </td>
          <td
            role="cell"
          >
            Ensjø Bistro
          </td>
          <td
            role="cell"
          >
            1234556678235
          </td>
          <td
            role="cell"
          >
            -730.00 NOK
          </td>
          <td
            role="cell"
          >
            <ul
              className="c2"
            >
              <li>
                <span>
                  Bjerke, Berntsen and Nilsen
                </span>
                 
                <span>
                  -1,042.00
                   NOK
                </span>
              </li>
              <li>
                <span>
                  Olsen AS
                </span>
                 
                <span>
                  -212.00
                   NOK
                </span>
              </li>
            </ul>
          </td>
        </tr>
      </tbody>
    </table>
  </div>
  <div
    className="c3"
  >
    <button
      className="knapp knapp--standard"
      disabled={false}
      onClick={[Function]}
      type="submit"
    >
      Hent 2 år med utførte utbetalinger
    </button>
  </div>
  <div
    className="alertstripe alertstripe--info"
  >
    <span
      aria-label="info"
      className="alertstripe__ikon"
    >
      <svg
        focusable="false"
        height="1.5em"
        kind="info-sirkel-fyll"
        viewBox="0 0 24 24"
        width="1.5em"
      >
        <g
          fill="none"
          fillRule="evenodd"
        >
          <path
            d="M12.205-.004l-.214.002a12.225 12.225 0 0 0-8.517 3.659C1.179 5.977-.053 9.013.002 12.208c.115 6.613 5.296 11.793 11.795 11.793l.212-.002c6.726-.116 12.105-5.595 11.99-12.21C23.883 5.178 18.702-.003 12.204-.003z"
            fill="#FFA733"
            fillRule="nonzero"
          />
          <path
            d="M12.027 19H12A1.499 1.499 0 0 1 11.973 16L12 16a1.501 1.501 0 0 1 .027 3z"
            fill="#3E3832"
          />
          <path
            d="M12 5a1 1 0 0 1 1 1v7a1 1 0 0 1-2 0V6a1 1 0 0 1 1-1z"
            fill="#3E3832"
            fillRule="nonzero"
          />
        </g>
      </svg>
    </span>
    <span
      className="typo-normal alertstripe__tekst"
    >
      Viser utførte utbetalinger 90 dager tilbake i tid
    </span>
  </div>
</div>
`;
