// Jest Snapshot v1, https://goo.gl/fbAQLP

exports[`viser info om bruker i visittkortbody 1`] = `
<div
  className="sc-chPdSV gagluy"
>
  <div
    className="sc-kgoBCf fUCCGE"
  >
    <div
      className="sc-kGXeez bBrmxc"
    >
      <p
        className="typo-element"
      >
        <span
          className="sc-kpOJdX iwyBG"
        >
          Kontakt
        </span>
      </p>
      <div
        className="sc-iwsKbI cPaMTU"
      >
        <div
          className="sc-gZMcBi ihiCNk"
        >
          <img
            alt="Epost Kontakt- og reservasjonsregisteret"
            src="email.svg"
            title="Epost Kontakt- og reservasjonsregisteret"
          />
        </div>
        <div
          className="sc-gqjmRU laWHsE"
        >
          <p
            className="typo-etikett-liten"
          >
            <span
              className="sc-VigVT fsRKfG"
            >
              Epost Kontakt- og reservasjonsregisteret
            </span>
          </p>
          <svg
            aria-label="Laster innhold"
            className="spinner spinner--l"
            focusable="false"
            height={32}
            kind="spinner"
            onClick={undefined}
            preserveAspectRatio="xMidYMid"
            style={undefined}
            viewBox="0 0 100 100"
            width={32}
          >
            <title>
              Venter...
            </title>
            <circle
              cx="50"
              cy="50"
              fill="none"
              r="40"
              stroke="#bdbab7"
              strokeWidth="10"
              xmlns="http://www.w3.org/2000/svg"
            />
            <circle
              cx="50"
              cy="50"
              fill="none"
              r="40"
              stroke="#7f756c"
              strokeDasharray="50 155"
              strokeLinecap="round"
              strokeWidth="10"
            />
          </svg>
        </div>
      </div>
      <div
        className="sc-iwsKbI cPaMTU"
      >
        <div
          className="sc-gZMcBi ihiCNk"
        >
          <img
            alt="Telefon Kontakt- og reservasjonsregisteret"
            src="phone.svg"
            title="Telefon Kontakt- og reservasjonsregisteret"
          />
        </div>
        <div
          className="sc-gqjmRU laWHsE"
        >
          <p
            className="typo-etikett-liten"
          >
            <span
              className="sc-VigVT fsRKfG"
            >
              Telefon Kontakt- og reservasjonsregisteret
            </span>
          </p>
          <svg
            aria-label="Laster innhold"
            className="spinner spinner--l"
            focusable="false"
            height={32}
            kind="spinner"
            onClick={undefined}
            preserveAspectRatio="xMidYMid"
            style={undefined}
            viewBox="0 0 100 100"
            width={32}
          >
            <title>
              Venter...
            </title>
            <circle
              cx="50"
              cy="50"
              fill="none"
              r="40"
              stroke="#bdbab7"
              strokeWidth="10"
              xmlns="http://www.w3.org/2000/svg"
            />
            <circle
              cx="50"
              cy="50"
              fill="none"
              r="40"
              stroke="#7f756c"
              strokeDasharray="50 155"
              strokeLinecap="round"
              strokeWidth="10"
            />
          </svg>
        </div>
      </div>
      <div
        className="sc-iwsKbI cPaMTU"
      >
        <div
          className="sc-gZMcBi ihiCNk"
        >
          <img
            alt="Kontonummer"
            src="coins.svg"
            title="Kontonummer"
          />
        </div>
        <div
          className="sc-gqjmRU laWHsE"
        >
          <p
            className="typo-etikett-liten"
          >
            <span
              className="sc-VigVT fsRKfG"
            >
              Kontonummer
            </span>
          </p>
          <p
            className="typo-undertekst"
          >
            Ingen kontonummer registrert
          </p>
        </div>
      </div>
    </div>
    <div
      className="sc-kGXeez bBrmxc"
    >
      <p
        className="typo-element"
      >
        <span
          className="sc-kpOJdX iwyBG"
        >
          Familie
        </span>
      </p>
      <div
        className="sc-iwsKbI cPaMTU"
      >
        <div
          className="sc-gZMcBi ihiCNk"
        >
          <img
            alt="Sivilstand"
            src="heart.svg"
            title="Sivilstand"
          />
        </div>
        <div
          className="sc-gqjmRU laWHsE"
        >
          <p
            className="typo-etikett-liten"
          >
            <span
              className="sc-VigVT fsRKfG"
            >
              Sivilstand
            </span>
          </p>
          <p
            className="typo-undertekst"
          >
            Gift
          </p>
        </div>
      </div>
    </div>
    <div
      className="sc-kGXeez bBrmxc"
    >
      <p
        className="typo-element"
      >
        <span
          className="sc-kpOJdX iwyBG"
        >
          NAV-kontor
        </span>
      </p>
      <div
        className="sc-iwsKbI cPaMTU"
      >
        <div
          className="sc-gZMcBi ihiCNk"
        >
          <img
            alt="0118 Nav Aremark"
            src="nav-logo.svg"
            title="0118 Nav Aremark"
          />
        </div>
        <div
          className="sc-gqjmRU laWHsE"
        >
          <p
            className="typo-etikett-liten"
          >
            <span
              className="sc-VigVT fsRKfG"
            >
              0118 Nav Aremark
            </span>
          </p>
          <div>
            <br />
            <p
              className="typo-etikett-liten"
            >
              <span
                className="sc-jTzLTM kGwTKg"
              >
                Besøksadresse
              </span>
            </p>
            <p
              className="typo-undertekst"
            >
              
            Rådhuset 6A
            </p>
            <p
              className="typo-undertekst"
            >
              1798 Aremark
            </p>
            <br />
            <p
              className="typo-etikett-liten"
            >
              <span
                className="sc-jTzLTM kGwTKg"
              >
                Åpningstider
              </span>
            </p>
            <dl
              className="sc-kAzzGY EPjJE"
            >
              <dt>
                <p
                  className="typo-undertekst"
                >
                  <span
                    className="sc-jzJRlG gLGMez"
                  >
                    mandag
                  </span>
                </p>
              </dt>
              <dd>
                <p
                  className="typo-undertekst"
                >
                  09.00
                   - 
                  14.30
                </p>
              </dd>
              <dt>
                <p
                  className="typo-undertekst"
                >
                  <span
                    className="sc-jzJRlG gLGMez"
                  >
                    tirsdag
                  </span>
                </p>
              </dt>
              <dd>
                <p
                  className="typo-undertekst"
                >
                  09.00
                   - 
                  14.30
                </p>
              </dd>
              <dt>
                <p
                  className="typo-undertekst"
                >
                  <span
                    className="sc-jzJRlG gLGMez"
                  >
                    onsdag
                  </span>
                </p>
              </dt>
              <dd>
                <p
                  className="typo-undertekst"
                >
                  09.00
                   - 
                  14.30
                </p>
              </dd>
              <dt>
                <p
                  className="typo-undertekst"
                >
                  <span
                    className="sc-jzJRlG gLGMez"
                  >
                    torsdag
                  </span>
                </p>
              </dt>
              <dd>
                <p
                  className="typo-undertekst"
                >
                  09.00
                   - 
                  14.30
                </p>
              </dd>
              <dt>
                <p
                  className="typo-undertekst"
                >
                  <span
                    className="sc-jzJRlG gLGMez"
                  >
                    fredag
                  </span>
                </p>
              </dt>
              <dd>
                <p
                  className="typo-undertekst"
                >
                  09.00
                   - 
                  14.30
                </p>
              </dd>
            </dl>
            <br />
          </div>
          <a
            className="lenke sc-cSHVUG bBBzRL"
            href="/norg2-frontend/#/startsok?enhetNr=0118"
            rel="noopener noreferrer"
            target="_blank"
          >
            Mer informasjon om kontoret
          </a>
        </div>
      </div>
    </div>
    <div
      className="sc-iwsKbI cPaMTU"
    >
      <div
        className="sc-gZMcBi ihiCNk"
      >
        <img
          alt="Tilrettelagt Kommunikasjon"
          src="phone.svg"
          title="Tilrettelagt Kommunikasjon"
        />
      </div>
      <div
        className="sc-gqjmRU laWHsE"
      >
        <p
          className="typo-etikett-liten"
        >
          <span
            className="sc-VigVT fsRKfG"
          >
            Tilrettelagt Kommunikasjon
          </span>
        </p>
        <p
          className="typo-undertekst"
        >
          Tolkehjelp
        </p>
      </div>
    </div>
    <div
      className="sc-iwsKbI cPaMTU"
    >
      <div
        className="sc-gZMcBi ihiCNk"
      >
        <img
          alt="Bruker er under vergemål"
          src="vergemaal.svg"
          title="Bruker er under vergemål"
        />
      </div>
      <div
        className="sc-gqjmRU laWHsE"
      >
        <p
          className="typo-etikett-liten"
        >
          <span
            className="sc-VigVT fsRKfG"
          >
            Bruker er under vergemål
          </span>
        </p>
        <p
          className="typo-undertekst"
        >
          Lorem ipsum dolor sit amet, consectetur adipisicing elit. Facilis neque nobis sint tempora. Quos, tenetur!
        </p>
      </div>
    </div>
  </div>
</div>
`;
