// Jest Snapshot v1, https://goo.gl/fbAQLP

exports[`Om Ytelser matcher snapshot 1`] = `
.c6 {
  position: relative;
  padding: .5rem;
  display: -webkit-box;
  display: -webkit-flex;
  display: -ms-flexbox;
  display: flex;
  -webkit-align-items: center;
  -webkit-box-align: center;
  -ms-flex-align: center;
  align-items: center;
  cursor: pointer;
  background-color: #cce1f3;
}

.c6:hover {
  box-shadow: inset 0 0 0 0.1rem #0067c5,0 0.1rem 0.1rem rgba(0,0,0,0.2);
}

.c6:hover > button:last-child {
  padding-left: 0.5rem;
}

.c6 > *:first-child {
  -webkit-box-flex: 1;
  -webkit-flex-grow: 1;
  -ms-flex-positive: 1;
  flex-grow: 1;
}

.c8 {
  position: relative;
  padding: .5rem;
  display: -webkit-box;
  display: -webkit-flex;
  display: -ms-flexbox;
  display: flex;
  -webkit-align-items: center;
  -webkit-box-align: center;
  -ms-flex-align: center;
  align-items: center;
  cursor: pointer;
}

.c8:hover {
  box-shadow: inset 0 0 0 0.1rem #0067c5,0 0.1rem 0.1rem rgba(0,0,0,0.2);
}

.c8:hover > button:last-child {
  padding-left: 0.5rem;
}

.c8 > *:first-child {
  -webkit-box-flex: 1;
  -webkit-flex-grow: 1;
  -ms-flex-positive: 1;
  flex-grow: 1;
}

.c7 {
  border: none;
  padding: 0;
  height: 2rem;
  width: 2rem;
  border-radius: .35rem;
  cursor: pointer;
  background-color: transparent;
  -webkit-transition: padding-left 0.3s;
  transition: padding-left 0.3s;
}

.c7 .nav-frontend-chevron {
  width: 1.5625rem;
}

.c7:focus {
  outline: none;
  box-shadow: none;
}

.c7:focus::after {
  position: absolute;
  top: 0;
  left: 0;
  content: '';
  box-shadow: inset 0 0 0 0.1875rem #254b6d;
  height: 100%;
  width: 100%;
  pointer-events: none;
}

.c3 {
  padding: 0rem;
}

.c5 > *:not(:first-child) {
  border-top: solid 0.0625rem #78706a;
}

.c4 {
  padding: 0.9375rem;
  border-bottom: solid 0.0625rem #78706a;
  display: -webkit-box;
  display: -webkit-flex;
  display: -ms-flexbox;
  display: flex;
}

.c4 .hjelpetekst {
  margin-left: 0.5rem;
}

.c4 .popover {
  max-width: 30rem;
}

.c2 {
  overflow: auto;
  max-height: 100%;
  padding: .5rem;
}

.c14 {
  display: -webkit-box;
  display: -webkit-flex;
  display: -ms-flexbox;
  display: flex;
  -webkit-flex-wrap: wrap;
  -ms-flex-wrap: wrap;
  flex-wrap: wrap;
}

.c14 dt {
  color: #645f5a;
}

.c14 > div {
  margin: 0.5625rem 0;
  padding-right: 0.7rem;
  width: 13rem;
  overflow-wrap: break-word;
}

.c15 {
  overflow: auto;
  box-shadow: 0 0 0 0.07rem rgba(0,0,0,0.25);
  border-radius: .25rem;
  background-color: white;
}

.c15 [role='table'] {
  text-align: left;
  width: 100%;
}

.c15 [role='table'] thead,
.c15 [role='table'] .thead[role='rowgroup'] {
  border-bottom: 0.2rem solid rgba(0,0,0,0.15);
  font-weight: 600;
}

.c15 [role='table'] [role='cell'],
.c15 [role='table'] [role='columnheader'] {
  padding: 0.7rem;
  vertical-align: middle;
}

.c15 [role='table'] [role='columnheader'] {
  padding-bottom: 0.7rem;
}

.c15 [role='table'] [role='row']:nth-child(even) {
  background-color: rgba(0,0,0,0.1);
}

.c20 {
  border-radius: 0.5rem;
  background-color: #f1f0f0;
  box-shadow: inset 0 0 0 0.3rem white,inset 0 0 0 0.37rem rgba(0,0,0,0.15);
  padding: 1.25rem;
  white-space: nowrap;
}

.c20 > *:not(:last-child) {
  margin-bottom: 1rem;
}

.c13 {
  border-radius: 0.5rem;
  background-color: #f1f0f0;
  box-shadow: inset 0 0 0 0.3rem white,inset 0 0 0 0.37rem rgba(0,0,0,0.15);
  padding: 1.25rem;
}

.c13 > h3 {
  margin-bottom: 1rem;
}

.c17 span:not(:last-child):after {
  content: '.';
}

.c16 li:not(:first-child) {
  padding-top: 1rem;
  margin-top: 1rem;
  border-top: solid 0.0625rem #b7b1a9;
}

.c18 {
  margin-top: 1rem;
}

.c19 {
  border-radius: 0.5rem;
  background-color: #f1f0f0;
  box-shadow: inset 0 0 0 0.3rem white,inset 0 0 0 0.37rem rgba(0,0,0,0.15);
  padding: 1.25rem;
  white-space: nowrap;
}

.c19 > *:not(:last-child) {
  margin-bottom: 1rem;
}

.c10 {
  padding: .5rem;
}

.c11 {
  display: -webkit-box;
  display: -webkit-flex;
  display: -ms-flexbox;
  display: flex;
  -webkit-flex-wrap: wrap;
  -ms-flex-wrap: wrap;
  flex-wrap: wrap;
}

.c11 > * {
  -webkit-flex-basis: 40%;
  -ms-flex-preferred-size: 40%;
  flex-basis: 40%;
  -webkit-box-flex: 1;
  -webkit-flex-grow: 1;
  -ms-flex-positive: 1;
  flex-grow: 1;
}

.c12 {
  display: -webkit-box;
  display: -webkit-flex;
  display: -ms-flexbox;
  display: flex;
  -webkit-flex-direction: column;
  -ms-flex-direction: column;
  flex-direction: column;
}

.c12 > * {
  -webkit-box-flex: 1;
  -webkit-flex-grow: 1;
  -ms-flex-positive: 1;
  flex-grow: 1;
}

.c9 > * {
  margin-bottom: 0.5rem;
}

.c0 {
  -webkit-box-flex: 1;
  -webkit-flex-grow: 1;
  -ms-flex-positive: 1;
  flex-grow: 1;
  -webkit-flex-direction: column;
  -ms-flex-direction: column;
  flex-direction: column;
  display: -webkit-box;
  display: -webkit-flex;
  display: -ms-flexbox;
  display: flex;
}

@media (min-width:45rem) {
  .c1 {
    max-height: 100%;
    max-width: 100%;
  }
}

@media (min-width:45rem) {
  .c1 {
    height: 0;
    -webkit-box-flex: 1;
    -webkit-flex-grow: 1;
    -ms-flex-positive: 1;
    flex-grow: 1;
    display: -webkit-box;
    display: -webkit-flex;
    display: -ms-flexbox;
    display: flex;
    -webkit-align-items: flex-start;
    -webkit-box-align: flex-start;
    -ms-flex-align: flex-start;
    align-items: flex-start;
  }

  .c1 > *:first-child {
    min-width: 19rem;
    -webkit-flex-basis: 19rem;
    -ms-flex-preferred-size: 19rem;
    flex-basis: 19rem;
    -webkit-box-flex: 0.5;
    -webkit-flex-grow: 0.5;
    -ms-flex-positive: 0.5;
    flex-grow: 0.5;
  }

  .c1 > *:last-child {
    -webkit-box-flex: 1;
    -webkit-flex-grow: 1;
    -ms-flex-positive: 1;
    flex-grow: 1;
  }
}

<section
  className="c0"
>
  <div
    className="c1"
  >
    <div
      className="c2"
      onScroll={[Function]}
    >
      <section>
        <div
          className="panel c3"
        >
          <div
            className="c4"
          >
            <h2
              className="typo-undertittel"
            >
              Ytelser
            </h2>
            <div
              className="hjelpetekst"
            >
              <button
                aria-controls="Helt tilfeldig ID"
                aria-expanded={false}
                aria-haspopup="dialog"
                className="hjelpetekst__apneknapp"
                id="Helt tilfeldig ID"
                onClick={[Function]}
                title="Hjelp"
                type="button"
              >
                <svg
                  className="hjelpetekst__ikon"
                  focusable="false"
                  height={32}
                  kind="help-circle"
                  viewBox="0 0 18.2 18.2"
                  width={32}
                >
                  <path
                    d="M9.1 0C4.1 0 0 4.1 0 9.1s4.1 9.1 9.1 9.1 9.1-4.1 9.1-9.1S14.1 0 9.1 0zm0 17.2C4.6 17.2 1 13.6 1 9.1S4.6 1 9.1 1s8.1 3.6 8.1 8.1-3.6 8.1-8.1 8.1z"
                  />
                  <circle
                    cx="9.1"
                    cy="13.8"
                    r=".9"
                  />
                  <path
                    d="M9.1 11.5c-.3 0-.5-.2-.5-.5V8.6c0-.3.2-.5.5-.5 1 0 1.9-.8 1.9-1.9s-.8-1.9-1.9-1.9c-1 0-1.9.8-1.9 1.9 0 .3-.2.5-.5.5s-.5-.2-.5-.4c0-1.6 1.3-2.9 2.9-2.9S12 4.7 12 6.3c0 1.4-1 2.6-2.4 2.8V11c0 .3-.2.5-.5.5z"
                  />
                </svg>
                <span
                  className="sr-only"
                >
                  Hjelp
                </span>
              </button>
              <div
                className="popover popover--controlled popover--hidden popover--under"
                id="Helt tilfeldig ID"
                onClick={[Function]}
                role="tooltip"
                style={
                  Object {
                    "transform": "translate3d(0px, 0px, 0)",
                  }
                }
                tabIndex={0}
              >
                <div
                  className="popover__content-inner"
                >
                  <div
                    className="hjelpetekst__innhold"
                  >
                    Viser kun ytelser fra Infotrygd 2 år tilbake i tid (foreldrepenger, pleiepenger, sykepenger)
                  </div>
                </div>
                <span
                  className="popover__pil"
                  style={
                    Object {
                      "left": undefined,
                    }
                  }
                />
              </div>
            </div>
          </div>
          <nav
            aria-label="Velg ytelser"
          >
            <ol
              className="c5"
            >
              <li>
                <div
                  className="c6"
                  onClick={[Function]}
                >
                  <div>
                    <h3
                      className="typo-undertittel"
                    >
                      Sykepengerrettighet
                    </h3>
                    <p
                      className="typo-element"
                    >
                      ID-dato
                    </p>
                    <p
                      className="typo-normal"
                    >
                      06.02.2019
                    </p>
                  </div>
                  <button
                    aria-label="Vis sykepenger"
                    aria-selected={true}
                    className="c7"
                  >
                    <i
                      className="nav-frontend-chevron chevronboks chevron--hoyre"
                    />
                  </button>
                </div>
              </li>
              <li>
                <div
                  className="c8"
                  onClick={[Function]}
                >
                  <div>
                    <h3
                      className="typo-undertittel"
                    >
                      Pleiepenger sykt barn
                    </h3>
                    <p
                      className="typo-element"
                    >
                      ID-dato
                    </p>
                    <p
                      className="typo-normal"
                    >
                      14.11.2018
                    </p>
                    <p
                      className="typo-element"
                    >
                      Barnets f.nr: 
                    </p>
                    <p
                      className="typo-normal"
                    >
                      08031815240
                    </p>
                  </div>
                  <button
                    aria-label="Vis pleiepenger"
                    aria-selected={false}
                    className="c7"
                  >
                    <i
                      className="nav-frontend-chevron chevronboks chevron--hoyre"
                    />
                  </button>
                </div>
              </li>
              <li>
                <div
                  className="c8"
                  onClick={[Function]}
                >
                  <div>
                    <h3
                      className="typo-undertittel"
                    >
                      Foreldrepenger
                    </h3>
                    <p
                      className="typo-element"
                    >
                      ID-dato
                    </p>
                    <p
                      className="typo-normal"
                    >
                      21.11.2017
                    </p>
                  </div>
                  <button
                    aria-label="Vis foreldrepenger"
                    aria-selected={false}
                    className="c7"
                  >
                    <i
                      className="nav-frontend-chevron chevronboks chevron--hoyre"
                    />
                  </button>
                </div>
              </li>
            </ol>
          </nav>
        </div>
      </section>
    </div>
    <div
      className="c2"
      onScroll={[Function]}
    >
      <section
        className="c9"
      >
        <h2
          className="sr-only"
          id="Helt tilfeldig ID"
          tabIndex={-1}
        >
          Valgt ytelse
        </h2>
        <article>
          <div
            aria-labelledby="Helt tilfeldig ID"
            className="panel c10"
          >
            <h2
              className="sr-only"
              id="Helt tilfeldig ID"
            >
              Sykepengerrettighet
            </h2>
            <div
              className="c11"
            >
              <div
                className="c12"
              >
                <article
                  aria-labelledby="Helt tilfeldig ID"
                  className="c13"
                >
                  <h3
                    className="typo-ingress"
                    id="Helt tilfeldig ID"
                  >
                    Sykepengetilfellet
                  </h3>
                  <dl
                    className="c14"
                  >
                    <div>
                      <dt
                        className="typo-normal"
                      >
                        Sykemeldt fra og med
                      </dt>
                      <dd
                        className="typo-element"
                      >
                        06.02.2019
                      </dd>
                    </div>
                    <div>
                      <dt
                        className="typo-normal"
                      >
                        Forbrukte dager
                      </dt>
                      <dd
                        className="typo-element"
                      >
                        23
                      </dd>
                    </div>
                    <div>
                      <dt
                        className="typo-normal"
                      >
                        Maksdato
                      </dt>
                      <dd
                        className="typo-element"
                      >
                        16.01.2019
                      </dd>
                    </div>
                    <div>
                      <dt
                        className="typo-normal"
                      >
                        Untatt aktivitet
                      </dt>
                      <dd
                        className="typo-element"
                      >
                        —
                      </dd>
                    </div>
                    <div>
                      <dt
                        className="typo-normal"
                      >
                        Midlertidig stans
                      </dt>
                      <dd
                        className="typo-element"
                      >
                        —
                      </dd>
                    </div>
                    <div>
                      <dt
                        className="typo-normal"
                      >
                        Sanksjonperiode
                      </dt>
                      <dd
                        className="typo-element"
                      >
                        19.01.2014 - 05.09.2014
                      </dd>
                    </div>
                    <div>
                      <dt
                        className="typo-normal"
                      >
                        Ferieperioder
                      </dt>
                      <dd
                        className="typo-element"
                      >
                        19.01.2014 - 14.01.2014
                      </dd>
                    </div>
                    <div>
                      <dt
                        className="typo-normal"
                      >
                        Forsikring
                      </dt>
                      <dd
                        className="typo-element"
                      >
                        837.00 NOK
                      </dd>
                    </div>
                    <div>
                      <dt
                        className="typo-normal"
                      >
                        Gyldig forsikring
                      </dt>
                      <dd
                        className="typo-element"
                      >
                        Nei
                      </dd>
                    </div>
                    <div>
                      <dt
                        className="typo-normal"
                      >
                        Forsikringsperiode
                      </dt>
                      <dd
                        className="typo-element"
                      >
                        —
                      </dd>
                    </div>
                  </dl>
                </article>
                <article
                  aria-labelledby="Helt tilfeldig ID"
                  className="c13"
                >
                  <h3
                    className="typo-ingress"
                    id="Helt tilfeldig ID"
                  >
                    Sykmelding
                  </h3>
                  <dl
                    className="c14"
                  >
                    <div>
                      <dt
                        className="typo-normal"
                      >
                        Periode
                      </dt>
                      <dd
                        className="typo-element"
                      >
                        09.02.2014 - 11.05.2014
                      </dd>
                    </div>
                    <div>
                      <dt
                        className="typo-normal"
                      >
                        Behandlingsdato
                      </dt>
                      <dd
                        className="typo-element"
                      >
                        01.04.2018
                      </dd>
                    </div>
                    <div>
                      <dt
                        className="typo-normal"
                      >
                        Sykmelder
                      </dt>
                      <dd
                        className="typo-element"
                      >
                        Lommelegen AS
                      </dd>
                    </div>
                  </dl>
                  <div
                    className="c15 typo-normal"
                  >
                    <table
                      role="table"
                    >
                      <thead
                        role="rowgroup"
                      >
                        <tr
                          role="row"
                        >
                          <th
                            role="columnheader"
                          >
                            Periode
                          </th>
                          <th
                            role="columnheader"
                          >
                            Gradering
                          </th>
                        </tr>
                      </thead>
                      <tbody
                        role="rowgroup"
                      >
                        <tr
                          role="row"
                        >
                          <td
                            role="cell"
                          >
                            28.07.2014 - 03.01.2014
                          </td>
                          <td
                            role="cell"
                          >
                            89%
                          </td>
                        </tr>
                      </tbody>
                    </table>
                  </div>
                </article>
              </div>
              <article
                aria-labelledby="Helt tilfeldig ID"
                className="c13"
              >
                <h3
                  className="typo-ingress"
                  id="Helt tilfeldig ID"
                >
                  Arbeidssituasjon
                </h3>
                <dl
                  className="c14"
                >
                  <div>
                    <dt
                      className="typo-normal"
                    >
                      Arbeidsgiverperiode
                    </dt>
                    <dd
                      className="typo-element"
                    >
                      Ja
                    </dd>
                  </div>
                  <div>
                    <dt
                      className="typo-normal"
                    >
                      Arbeidskategori
                    </dt>
                    <dd
                      className="typo-element"
                    >
                      Ærlig arbeid
                    </dd>
                  </div>
                </dl>
                <ol
                  aria-label="Arbeidsgivere"
                  className="c16"
                >
                  <li>
                    <dl
                      className="c14"
                    >
                      <div>
                        <dt
                          className="typo-normal"
                        >
                          Arbeidsgiver
                        </dt>
                        <dd
                          className="typo-element"
                        >
                          Bærlevåg Burger og Bitcoin
                        </dd>
                      </div>
                      <div>
                        <dt
                          className="typo-normal"
                        >
                          Kontonummer
                        </dt>
                        <dd
                          className="typo-element"
                        >
                          <span
                            className="c17"
                          >
                            <span>
                              8786
                            </span>
                            <span>
                              52
                            </span>
                            <span>
                              75970
                            </span>
                          </span>
                        </dd>
                      </div>
                      <div>
                        <dt
                          className="typo-normal"
                        >
                          Inntekstsperiode
                        </dt>
                        <dd
                          className="typo-element"
                        >
                          Månedssats
                        </dd>
                      </div>
                      <div>
                        <dt
                          className="typo-normal"
                        >
                          Inntekt for perioden
                        </dt>
                        <dd
                          className="typo-element"
                        >
                          39,691.00 NOK
                        </dd>
                      </div>
                      <div>
                        <dt
                          className="typo-normal"
                        >
                          Refusjonstype
                        </dt>
                        <dd
                          className="typo-element"
                        >
                          Ikke refusjon
                        </dd>
                      </div>
                      <div>
                        <dt
                          className="typo-normal"
                        >
                          Refusjon til dato
                        </dt>
                        <dd
                          className="typo-element"
                        >
                          12.03.2018
                        </dd>
                      </div>
                      <div>
                        <dt
                          className="typo-normal"
                        >
                          Sykepenger fra og med
                        </dt>
                        <dd
                          className="typo-element"
                        >
                          18.02.2018
                        </dd>
                      </div>
                    </dl>
                  </li>
                </ol>
                <button
                  className="knapp c18 knapp--hoved"
                  disabled={false}
                  onClick={[Function]}
                  type="submit"
                >
                  Vis alle arbeidsforhold
                </button>
              </article>
            </div>
            <section
              className="c19"
            >
              <h4
                className="typo-ingress"
              >
                Utbetalinger på vent
              </h4>
              <div
                className="c15 typo-normal"
              >
                <table
                  role="table"
                >
                  <thead
                    role="rowgroup"
                  >
                    <tr
                      role="row"
                    >
                      <th
                        role="columnheader"
                      >
                        Årsak
                      </th>
                      <th
                        role="columnheader"
                      >
                        Utbetalingsperiode
                      </th>
                      <th
                        role="columnheader"
                      >
                        Utbetalingsgrad
                      </th>
                    </tr>
                  </thead>
                  <tbody
                    role="rowgroup"
                  >
                    <tr
                      role="row"
                    >
                      <td
                        role="cell"
                      >
                        Pga mistenkelig oppførsel
                      </td>
                      <td
                        role="cell"
                      >
                        13.10.2017 - 10.10.2018
                      </td>
                      <td
                        role="cell"
                      >
                        62%
                      </td>
                    </tr>
                    <tr
                      role="row"
                    >
                      <td
                        role="cell"
                      >
                        Pga mistenkelig oppførsel
                      </td>
                      <td
                        role="cell"
                      >
                        13.10.2017 - 10.10.2018
                      </td>
                      <td
                        role="cell"
                      >
                        62%
                      </td>
                    </tr>
                  </tbody>
                </table>
              </div>
            </section>
            <section
              className="c20"
            >
              <h4
                className="typo-ingress"
              >
                Utbetalinger
              </h4>
              <div
                className="c15 typo-normal"
              >
                <table
                  role="table"
                >
                  <thead
                    role="rowgroup"
                  >
                    <tr
                      role="row"
                    >
                      <th
                        role="columnheader"
                      >
                        Reg.dato
                      </th>
                      <th
                        role="columnheader"
                      >
                        Type
                      </th>
                      <th
                        role="columnheader"
                      >
                        Periode
                      </th>
                      <th
                        role="columnheader"
                      >
                        Utb.grad
                      </th>
                      <th
                        role="columnheader"
                      >
                        Dagsats
                      </th>
                      <th
                        role="columnheader"
                      >
                        Bruttobeløp
                      </th>
                      <th
                        role="columnheader"
                      >
                        Arb.giver
                      </th>
                      <th
                        role="columnheader"
                      >
                        Org.nummer
                      </th>
                    </tr>
                  </thead>
                  <tbody
                    role="rowgroup"
                  >
                    <tr
                      role="row"
                    >
                      <td
                        role="cell"
                      >
                        25.06.2018
                      </td>
                      <td
                        role="cell"
                      >
                        KONTOØVERFØRING
                      </td>
                      <td
                        role="cell"
                      >
                        14.01.2018 - 15.07.2017
                      </td>
                      <td
                        role="cell"
                      >
                        79%
                      </td>
                      <td
                        role="cell"
                      >
                        705.00 NOK
                      </td>
                      <td
                        role="cell"
                      >
                        466.00 NOK
                      </td>
                      <td
                        role="cell"
                      >
                        Vedvik - Lunde
                      </td>
                      <td
                        role="cell"
                      >
                        1234567890
                      </td>
                    </tr>
                    <tr
                      role="row"
                    >
                      <td
                        role="cell"
                      >
                        25.06.2018
                      </td>
                      <td
                        role="cell"
                      >
                        KONTOØVERFØRING
                      </td>
                      <td
                        role="cell"
                      >
                        14.01.2018 - 15.07.2017
                      </td>
                      <td
                        role="cell"
                      >
                        79%
                      </td>
                      <td
                        role="cell"
                      >
                        705.00 NOK
                      </td>
                      <td
                        role="cell"
                      >
                        466.00 NOK
                      </td>
                      <td
                        role="cell"
                      >
                        Vedvik - Lunde
                      </td>
                      <td
                        role="cell"
                      >
                        1234567890
                      </td>
                    </tr>
                  </tbody>
                </table>
              </div>
              <div
                className="alertstripe alertstripe--info"
              >
                <span
                  className="alertstripe__ikon"
                >
                  <span
                    className="sr-only"
                  >
                    info
                  </span>
                  <svg
                    focusable="false"
                    height="1.5em"
                    kind="info-sirkel-fyll"
                    viewBox="0 0 24 24"
                    width="1.5em"
                  >
                    <g
                      fill="none"
                    >
                      <path
                        d="M12 0C5.382 0 0 5.382 0 12s5.382 12 12 12c6.617 0 12-5.382 12-12S18.617 0 12 0z"
                        fill="#337C9B"
                      />
                      <path
                        d="M12 5a1.566 1.566 0 1 1 .11 3.13A1.566 1.566 0 0 1 12 5zm2.976 12.01c.563 0 1.043.431 1.043.991s-.48.992-1.043.992H9.39c-.564 0-1.043-.431-1.043-.992 0-.56.479-.99 1.043-.99h1.6v-5.016h-.986c-.565 0-1.044-.43-1.044-.991 0-.56.48-.991 1.044-.991h2.03c.563 0 1.043.43 1.043.99v6.007h1.899z"
                        fill="#FFF"
                      />
                    </g>
                  </svg>
                </span>
                <div
                  className="typo-normal alertstripe__tekst"
                >
                  For detaljer om utførte utbetalinger 
                  <a
                    href="/person/10108000398/utbetaling"
                    onClick={[Function]}
                  >
                    se Utbetalingsoversikten.
                  </a>
                </div>
              </div>
            </section>
          </div>
        </article>
      </section>
    </div>
  </div>
</section>
`;
