// Vitest Snapshot v1, https://vitest.dev/guide/snapshot.html

exports[`Viser saksoversiktcontainer med alt innhold 1`] = `
.c1 {
  overflow: auto;
  max-height: 100%;
  padding: .5rem;
}

.c2 {
  padding: 0rem;
  font-weight: 600;
}

.c2 a {
  padding: 0.9375rem;
}

.c2 a:visited {
  color: currentColor!important;
}

.c2 .lenkepanel {
  margin-bottom: 0;
}

.c9 svg {
  height: 1.875rem;
  width: 1.875rem;
  opacity: 0.5;
}

.c3 {
  margin-bottom: .5rem;
}

.c10 {
  padding: 0rem;
  position: relative;
  margin-bottom: 2rem;
}

.c11 {
  display: flex;
  flex-wrap: wrap;
  justify-content: space-between;
  padding: 0.9375rem;
}

.c11 >*:first-child {
  flex-grow: 1;
}

.c11 >div {
  display: flex;
  flex-direction: column;
  justify-content: space-between;
}

.c11 >div >* {
  margin-bottom: 0.5rem;
}

.c11 >div:last-child {
  align-items: flex-end;
  flex-grow: 1;
}

.c13 {
  display: flex;
}

.c13 >*:not(:last-child) {
  padding-right: 1rem;
}

.c13 >* {
  margin-bottom: 0;
}

.c12 {
  display: inline-flex;
  align-items: center;
}

.c12 >*:last-child {
  margin-left: 1rem;
}

.c12:focus {
  outline: none;
}

.c8 {
  display: flex;
  align-items: center;
  justify-content: space-between;
}

.c8 .checkbox label {
  font-weight: bold;
}

.c4 {
  padding: 0rem;
}

.c4 ol {
  list-style: none;
}

.c5 {
  padding: 0.9375rem;
  display: flex;
  align-items: flex-end;
}

.c5 >*:not(:last-child) {
  margin-right: 1rem;
}

.c6 {
  width: 100%;
  padding: 0 0.9375rem 0.9375rem 0.9375rem;
  display: flex;
  flex-direction: row;
  justify-content: space-evenly;
}

.c7 label {
  border: 0;
  border-top: 1px solid #6a6a6a;
  border-radius: 0;
}

.c7 label.inputPanel--checked {
  background-color: transparent;
}

.c7 label.inputPanel:not(:last-child) {
  margin-bottom: 0;
}

.c7 label.inputPanel:hover:not(.inputPanel--disabled):not(.bekreftCheckboksPanel) {
  border: 0;
  border-top: 1px solid #6a6a6a;
  box-shadow: none;
}

.c0 {
  display: flex;
  flex-direction: column;
  overflow: unset;
  max-height: none;
}

.c0 .visually-hidden {
  position: absolute!important;
  height: 1px;
  width: 1px;
  overflow: hidden;
  clip: rect(1px 1px 1px 1px);
  clip: rect(1px, 1px, 1px, 1px);
}

.c0 a:visited:not(:focus) {
  color: purple;
}

@media (min-width: 70rem) {
  .c0 {
    flex-direction: row;
    height: 0;
    flex-grow: 1;
    align-items: flex-start;
  }

  .c0 >*:first-child {
    min-width: 20rem;
    flex-basis: 20rem;
  }

  .c0 >*:last-child {
    flex-grow: 1;
  }
}

<div
  className="c0"
>
  <div
    className="c1"
    onScroll={[Function]}
  >
    <div
      className="panel c2 c3"
    >
      <a
        className="lenkepanel"
        href="/saker/?sakstema=ALLE"
        rel="noreferrer"
        target="_blank"
      >
        Åpne i fullscreen
        <span
          className="lenkepanel__indikator"
        />
      </a>
    </div>
    <nav>
      <div
        aria-labelledby="Helt tilfeldig ID"
        className="panel c4"
      >
        <div
          className="c5"
        >
          <h2
            className="typo-undertittel"
            id="Helt tilfeldig ID"
          >
            Tema
          </h2>
          <p
            className="typo-normal"
          >
            (
            5
             saker)
          </p>
        </div>
        <section
          className="c6"
        >
          <button
            className="knapp knapp--standard knapp--kompakt"
            disabled={false}
            onClick={[Function]}
            type="button"
          >
            Velg alle
          </button>
          <button
            className="knapp knapp--standard knapp--kompakt"
            disabled={false}
            onClick={[Function]}
            type="button"
          >
            Velg ingen
          </button>
        </section>
        <nav
          aria-label="Velg sakstema"
        >
          <ol>
            <fieldset
              aria-invalid={false}
              className="skjemagruppe inputPanelGruppe c7"
            >
              <div
                className="inputPanelGruppe__inner"
              >
                <label
                  className="inputPanel checkboksPanel inputPanel--checked"
                  htmlFor="SYK"
                >
                  <input
                    aria-checked={true}
                    aria-errormessage="Helt tilfeldig ID"
                    aria-invalid={false}
                    checked={true}
                    className="inputPanel__field"
                    id="SYK"
                    onBlur={[Function]}
                    onChange={[Function]}
                    onFocus={[Function]}
                    type="checkbox"
                    value="SYK"
                  />
                  <span
                    className="inputPanel__label"
                  >
                    <div
                      className="c8"
                    >
                      <div>
                        <p
                          className="typo-normal"
                        >
                          24.12.2018
                        </p>
                        <p
                          className="typo-element"
                        >
                          Sykepenger
                        </p>
                        <p
                          className="typo-normal metadata"
                        >
                          1
                           
                          søknad
                           er 
                          under behandling
                          .
                        </p>
                      </div>
                      <span
                        className="c9"
                      >
                        <svg
                          contentScriptType="text/ecmascript"
                          viewBox="0 0 24 24"
                          xmlns="http://www.w3.org/2000/svg"
                        >
                          <g
                            fill="currentColor"
                          >
                            <path
                              d="M17.5 10c1.3 0 2.5.3 3.5.9V4.5c0-.3-.2-.5-.5-.5H19V2.5c0-.3-.2-.5-.5-.5H6V.5c0-.3-.2-.5-.5-.5h-5C.2 0 0 .2 0 .5V16c0 1.1.9 2 2 2h8v-.5c0-4.1 3.4-7.5 7.5-7.5zM3 4.5V16a1 1 0 0 1-2 0V1h4v1.5c0 .3.2.5.5.5H18v1H3.5c-.3 0-.5.2-.5.5z"
                            />
                            <path
                              d="M17.5 11a6.5 6.5 0 0 0-5 10.7l9.2-9.1a6.5 6.5 0 0 0-4.2-1.6zM22.4 13.3l-9.1 9.1c1.1 1 2.6 1.6 4.2 1.6a6.5 6.5 0 0 0 5-10.7z"
                            />
                          </g>
                        </svg>
                      </span>
                    </div>
                  </span>
                </label>
                <label
                  className="inputPanel checkboksPanel inputPanel--checked"
                  htmlFor="AAP"
                >
                  <input
                    aria-checked={true}
                    aria-errormessage="Helt tilfeldig ID"
                    aria-invalid={false}
                    checked={true}
                    className="inputPanel__field"
                    id="AAP"
                    onBlur={[Function]}
                    onChange={[Function]}
                    onFocus={[Function]}
                    type="checkbox"
                    value="AAP"
                  />
                  <span
                    className="inputPanel__label"
                  >
                    <div
                      className="c8"
                    >
                      <div>
                        <p
                          className="typo-normal"
                        >
                          25.06.2018
                        </p>
                        <p
                          className="typo-element"
                        >
                          Arbeidsavklaringspenger
                        </p>
                        <p
                          className="typo-normal metadata"
                        >
                          1
                           
                          søknad
                           er 
                          under behandling
                          .
                        </p>
                        <p
                          className="typo-normal metadata"
                        >
                          2
                           
                          søknader
                           er 
                          ferdig behandlet
                          .
                        </p>
                      </div>
                      <span
                        className="c9"
                      />
                    </div>
                  </span>
                </label>
                <label
                  className="inputPanel checkboksPanel inputPanel--checked"
                  htmlFor="BAR"
                >
                  <input
                    aria-checked={true}
                    aria-errormessage="Helt tilfeldig ID"
                    aria-invalid={false}
                    checked={true}
                    className="inputPanel__field"
                    id="BAR"
                    onBlur={[Function]}
                    onChange={[Function]}
                    onFocus={[Function]}
                    type="checkbox"
                    value="BAR"
                  />
                  <span
                    className="inputPanel__label"
                  >
                    <div
                      className="c8"
                    >
                      <div>
                        <p
                          className="typo-normal"
                        >
                          20.03.2018
                        </p>
                        <p
                          className="typo-element"
                        >
                          Barnetrygd
                        </p>
                      </div>
                      <span
                        className="c9"
                      />
                    </div>
                  </span>
                </label>
                <label
                  className="inputPanel checkboksPanel inputPanel--checked"
                  htmlFor="IND"
                >
                  <input
                    aria-checked={true}
                    aria-errormessage="Helt tilfeldig ID"
                    aria-invalid={false}
                    checked={true}
                    className="inputPanel__field"
                    id="IND"
                    onBlur={[Function]}
                    onChange={[Function]}
                    onFocus={[Function]}
                    type="checkbox"
                    value="IND"
                  />
                  <span
                    className="inputPanel__label"
                  >
                    <div
                      className="c8"
                    >
                      <div>
                        <p
                          className="typo-normal"
                        >
                          14.01.2018
                        </p>
                        <p
                          className="typo-element"
                        >
                          Tiltakspenger
                        </p>
                        <p
                          className="typo-normal metadata"
                        >
                          1
                           
                          søknad
                           er 
                          under behandling
                          .
                        </p>
                      </div>
                      <span
                        className="c9"
                      />
                    </div>
                  </span>
                </label>
                <label
                  className="inputPanel checkboksPanel inputPanel--checked"
                  htmlFor="GEN"
                >
                  <input
                    aria-checked={true}
                    aria-errormessage="Helt tilfeldig ID"
                    aria-invalid={false}
                    checked={true}
                    className="inputPanel__field"
                    id="GEN"
                    onBlur={[Function]}
                    onChange={[Function]}
                    onFocus={[Function]}
                    type="checkbox"
                    value="GEN"
                  />
                  <span
                    className="inputPanel__label"
                  >
                    <div
                      className="c8"
                    >
                      <div>
                        <p
                          className="typo-normal"
                        >
                          21.11.2017
                        </p>
                        <p
                          className="typo-element"
                        >
                          Generell
                        </p>
                      </div>
                      <span
                        className="c9"
                      />
                    </div>
                  </span>
                </label>
              </div>
              <div
                aria-live="polite"
                id="Helt tilfeldig ID"
              />
            </fieldset>
          </ol>
        </nav>
      </div>
    </nav>
  </div>
  <div
    className="c1"
    onScroll={[Function]}
  >
    <div>
      <article>
        <div
          aria-label="Saksdokumenter for Alle tema"
          className="panel c10"
        >
          <section
            className="c11"
          >
            <div>
              <div
                className="c12"
                tabIndex={-1}
              >
                <h2
                  className="typo-undertittel test-saker-dokumenter"
                >
                  Alle tema
                </h2>
                <p
                  className="typo-normal"
                >
                  (
                  0
                   journalposter)
                </p>
              </div>
              <form
                aria-label="Filter"
                className="c13"
              >
                <div
                  className="skjemaelement"
                >
                  <input
                    aria-invalid={false}
                    checked={false}
                    className="skjemaelement__input checkboks"
                    id="Helt tilfeldig ID"
                    onChange={[Function]}
                    type="checkbox"
                  />
                  <label
                    className="skjemaelement__label"
                    htmlFor="Helt tilfeldig ID"
                  >
                    Bruker
                  </label>
                </div>
                <div
                  className="skjemaelement"
                >
                  <input
                    aria-invalid={false}
                    checked={false}
                    className="skjemaelement__input checkboks"
                    id="Helt tilfeldig ID"
                    onChange={[Function]}
                    type="checkbox"
                  />
                  <label
                    className="skjemaelement__label"
                    htmlFor="Helt tilfeldig ID"
                  >
                    NAV
                  </label>
                </div>
                <div
                  className="skjemaelement"
                >
                  <input
                    aria-invalid={false}
                    checked={false}
                    className="skjemaelement__input checkboks"
                    id="Helt tilfeldig ID"
                    onChange={[Function]}
                    type="checkbox"
                  />
                  <label
                    className="skjemaelement__label"
                    htmlFor="Helt tilfeldig ID"
                  >
                    Andre
                  </label>
                </div>
              </form>
            </div>
            <div>
              <a
                className="lenke"
                href="https://norg2-frontend.nais.preprod.local/#/startsok?tema=SYK,AAP,BAR,IND,GEN&gt=0118"
                rel="noopener noreferrer"
                target="_blank"
              >
                <p
                  className="typo-normal"
                >
                  Oversikt over enheter og tema de behandler
                </p>
              </a>
            </div>
          </section>
          <div
            aria-live="polite"
          >
            <div
              className="alertstripe alertstripe--info"
            >
              <span
                className="alertstripe__ikon"
              >
                <span
                  className="sr-only"
                >
                  info
                </span>
                <svg
                  aria-label="info-ikon"
                  focusable="false"
                  height="1.5em"
                  kind="info-sirkel-fyll"
                  role="img"
                  viewBox="0 0 24 24"
                  width="1.5em"
                >
                  <g
                    fill="none"
                  >
                    <path
                      d="M12 0C5.382 0 0 5.382 0 12s5.382 12 12 12c6.617 0 12-5.382 12-12S18.617 0 12 0z"
                      fill="#337C9B"
                    />
                    <path
                      d="M12 5a1.566 1.566 0 1 1 .11 3.13A1.566 1.566 0 0 1 12 5zm2.976 12.01c.563 0 1.043.431 1.043.991s-.48.992-1.043.992H9.39c-.564 0-1.043-.431-1.043-.992 0-.56.479-.99 1.043-.99h1.6v-5.016h-.986c-.565 0-1.044-.43-1.044-.991 0-.56.48-.991 1.044-.991h2.03c.563 0 1.043.43 1.043.99v6.007h1.899z"
                      fill="#FFF"
                    />
                  </g>
                </svg>
              </span>
              <div
                className="typo-normal alertstripe__tekst"
              >
                Det finnes ingen saksdokumenter for valgte avsender og tema.
              </div>
            </div>
          </div>
        </div>
        <div
          className="alertstripe alertstripe--info"
        >
          <span
            className="alertstripe__ikon"
          >
            <span
              className="sr-only"
            >
              info
            </span>
            <svg
              aria-label="info-ikon"
              focusable="false"
              height="1.5em"
              kind="info-sirkel-fyll"
              role="img"
              viewBox="0 0 24 24"
              width="1.5em"
            >
              <g
                fill="none"
              >
                <path
                  d="M12 0C5.382 0 0 5.382 0 12s5.382 12 12 12c6.617 0 12-5.382 12-12S18.617 0 12 0z"
                  fill="#337C9B"
                />
                <path
                  d="M12 5a1.566 1.566 0 1 1 .11 3.13A1.566 1.566 0 0 1 12 5zm2.976 12.01c.563 0 1.043.431 1.043.991s-.48.992-1.043.992H9.39c-.564 0-1.043-.431-1.043-.992 0-.56.479-.99 1.043-.99h1.6v-5.016h-.986c-.565 0-1.044-.43-1.044-.991 0-.56.48-.991 1.044-.991h2.03c.563 0 1.043.43 1.043.99v6.007h1.899z"
                  fill="#FFF"
                />
              </g>
            </svg>
          </span>
          <div
            className="typo-normal alertstripe__tekst"
          >
            Modia viser elektroniske dokumenter brukeren har sendt inn via nav.no etter 9. desember 2014. Dokumenter som er journalført vises fra og med 4.juni 2016
          </div>
        </div>
      </article>
    </div>
  </div>
</div>
`;
