// Jest Snapshot v1, https://goo.gl/fbAQLP

exports[`viser fortsett dialog 1`] = `
.c6 {
  margin-right: 0.3rem !important;
}

.c5 {
  display: -webkit-box;
  display: -webkit-flex;
  display: -ms-flexbox;
  display: flex;
}

.c4 {
  width: 100%;
  padding-right: 1rem;
}

.c7 {
  padding: 1rem;
  overflow-wrap: break-word;
  padding-top: 0;
}

.c3 {
  border-top: 0.1rem rgba(0,0,0,0.2) solid;
}

.c3.ekspanderbartPanel {
  border-radius: 0;
}

.c3 .ekspanderbartPanel__hode:focus {
  outline: none;
  box-shadow: inset 0 0 0 0.1875rem #254b6d;
}

.c8 {
  border-top: 0.1rem rgba(0,0,0,0.2) solid;
}

.c8 .ekspanderbartPanel__hode:focus {
  outline: none;
  box-shadow: inset 0 0 0 0.1875rem #254b6d;
}

.c0 .ekspanderbartPanel__innhold {
  padding: 0;
}

.c0 .ekspanderbartPanel__hode:hover {
  box-shadow: inset 0 0 0 0.1rem #0067c5,0 0.1rem 0.1rem rgba(0,0,0,0.2);
}

.c0 > *:not(:first-child) {
  margin-top: 1rem;
}

.c0 > * {
  border: solid 0.0625rem #78706a;
}

.c1 {
  overflow: hidden;
}

.c1 .ekspanderbartPanel__hode:focus {
  outline: none;
  box-shadow: inset 0 0 0 0.1875rem #254b6d;
}

.c2 {
  font-size: 1.125rem !important;
}

<article
  className="c0"
>
  <h3
    className="sr-only"
    tabIndex={-1}
  >
    Tråd under arbeid
  </h3>
  <div
    className="ekspanderbartPanel c1 ekspanderbartPanel--apen"
  >
    <button
      aria-controls="Helt tilfeldig ID"
      aria-expanded={true}
      className="ekspanderbartPanel__hode"
      onClick={[Function]}
      onKeyDown={[Function]}
      type="button"
    >
      <div
        className="ekspanderbartPanel__flex-wrapper"
      >
        <h2
          className="typo-undertittel c2"
        >
          Vis tidligere meldinger
        </h2>
        <span
          className="ekspanderbartPanel__indikator"
        />
      </div>
    </button>
    <article
      className="ekspanderbartPanel__innhold"
    >
      <div
        className="ekspanderbartPanel c3 ekspanderbartPanel--lukket"
      >
        <button
          aria-expanded={false}
          className="ekspanderbartPanel__hode"
          onClick={[Function]}
          onKeyDown={[Function]}
          type="button"
        >
          <div
            className="ekspanderbartPanel__flex-wrapper"
          >
            <div
              className="c4"
            >
              <p
                className="typo-element"
              >
                Samtalereferat oppmøte - Arbeid
              </p>
              <p
                className="typo-undertekst"
              >
                30. juli 2019 00:00
              </p>
              <div
                className="c5"
              >
                <p
                  className="typo-normal c6"
                >
                  Skrevet av:
                </p>
                <div
                  className="tekstomrade typo-normal"
                >
                  Sander Hansen (nzxo4q)
                </div>
              </div>
            </div>
            <span
              className="ekspanderbartPanel__indikator"
            />
          </div>
        </button>
        <article
          className="ekspanderbartPanel__innhold"
        >
          <div
            className="tekstomrade c7"
          >
            Ea laborum accusamus et ex voluptates provident eveniet voluptatem. Sunt et sed eligendi harum exercitationem. Eaque est maiores autem sunt occaecati atque ipsa ea itaque. Dolorum enim quaerat alias ut sit labore pariatur.
          </div>
        </article>
      </div>
      <div
        className="ekspanderbartPanel c3 ekspanderbartPanel--lukket"
      >
        <button
          aria-expanded={false}
          className="ekspanderbartPanel__hode"
          onClick={[Function]}
          onKeyDown={[Function]}
          type="button"
        >
          <div
            className="ekspanderbartPanel__flex-wrapper"
          >
            <div
              className="c4"
            >
              <p
                className="typo-element"
              >
                Spørsmål fra bruker - Arbeid
              </p>
              <p
                className="typo-undertekst"
              >
                10. aug. 2019 00:00
              </p>
            </div>
            <span
              className="ekspanderbartPanel__indikator"
            />
          </div>
        </button>
        <article
          className="ekspanderbartPanel__innhold"
        >
          <div
            className="tekstomrade c7"
          >
            Quo magni eaque et libero minima ipsum amet et dolorem. Sed iusto ratione sit. Voluptate alias qui impedit ut dolorum doloribus qui. Qui beatae rerum minima suscipit.
          </div>
        </article>
      </div>
      <div
        className="ekspanderbartPanel c3 ekspanderbartPanel--lukket"
      >
        <button
          aria-expanded={false}
          className="ekspanderbartPanel__hode"
          onClick={[Function]}
          onKeyDown={[Function]}
          type="button"
        >
          <div
            className="ekspanderbartPanel__flex-wrapper"
          >
            <div
              className="c4"
            >
              <p
                className="typo-element"
              >
                Spørsmål fra bruker - Arbeid
              </p>
              <p
                className="typo-undertekst"
              >
                06. aug. 2019 00:00
              </p>
            </div>
            <span
              className="ekspanderbartPanel__indikator"
            />
          </div>
        </button>
        <article
          className="ekspanderbartPanel__innhold"
        >
          <div
            className="tekstomrade c7"
          >
            Animi qui molestiae omnis reiciendis quam in. Provident magnam dolor. Omnis voluptatem placeat labore in ut aliquam perspiciatis fugiat. Perspiciatis voluptatum odit.
          </div>
        </article>
      </div>
    </article>
  </div>
  <div
    className="ekspanderbartPanel c8 ekspanderbartPanel--apen"
  >
    <button
      aria-controls="Helt tilfeldig ID"
      aria-expanded={true}
      className="ekspanderbartPanel__hode"
      onClick={[Function]}
      onKeyDown={[Function]}
      type="button"
    >
      <div
        className="ekspanderbartPanel__flex-wrapper"
      >
        <div
          className="c4"
        >
          <p
            className="typo-element"
          >
            Delsvar - Arbeid
          </p>
          <p
            className="typo-undertekst"
          >
            13. aug. 2019 00:00
          </p>
          <div
            className="c5"
          >
            <p
              className="typo-normal c6"
            >
              Skrevet av:
            </p>
            <div
              className="tekstomrade typo-normal"
            >
              Kristoffer Fredriksen (xy70r8)
            </div>
          </div>
        </div>
        <span
          className="ekspanderbartPanel__indikator"
        />
      </div>
    </button>
    <article
      className="ekspanderbartPanel__innhold"
    >
      <div
        className="tekstomrade c7"
      >
        Dolores omnis ea voluptatem corrupti odit incidunt enim. Unde fugiat sed animi explicabo maiores. Nihil cum accusamus omnis officiis deserunt est. Qui quisquam unde aut magni dignissimos.
      </div>
    </article>
  </div>
</article>
`;
